Component: ARM Compiler 5.06 update 6 (build 750) Tool: armlink [4d35ed]

==============================================================================

Section Cross References

    startup_stm32g431xx.o(STACK) refers (Special) to heapauxi.o(.text) for __use_two_region_memory
    startup_stm32g431xx.o(HEAP) refers (Special) to heapauxi.o(.text) for __use_two_region_memory
    startup_stm32g431xx.o(RESET) refers (Special) to heapauxi.o(.text) for __use_two_region_memory
    startup_stm32g431xx.o(RESET) refers to startup_stm32g431xx.o(STACK) for __initial_sp
    startup_stm32g431xx.o(RESET) refers to startup_stm32g431xx.o(.text) for Reset_Handler
    startup_stm32g431xx.o(RESET) refers to stm32g4xx_it.o(i.NMI_Handler) for NMI_Handler
    startup_stm32g431xx.o(RESET) refers to stm32g4xx_it.o(i.HardFault_Handler) for HardFault_Handler
    startup_stm32g431xx.o(RESET) refers to stm32g4xx_it.o(i.MemManage_Handler) for MemManage_Handler
    startup_stm32g431xx.o(RESET) refers to stm32g4xx_it.o(i.BusFault_Handler) for BusFault_Handler
    startup_stm32g431xx.o(RESET) refers to stm32g4xx_it.o(i.UsageFault_Handler) for UsageFault_Handler
    startup_stm32g431xx.o(RESET) refers to port.o(.emb_text) for SVC_Handler
    startup_stm32g431xx.o(RESET) refers to stm32g4xx_it.o(i.DebugMon_Handler) for DebugMon_Handler
    startup_stm32g431xx.o(RESET) refers to stm32g4xx_it.o(i.SysTick_Handler) for SysTick_Handler
    startup_stm32g431xx.o(RESET) refers to stm32g4xx_it.o(i.TIM2_IRQHandler) for TIM2_IRQHandler
    startup_stm32g431xx.o(RESET) refers to bsp_pwm.o(i.TIM3_IRQHandler) for TIM3_IRQHandler
    startup_stm32g431xx.o(.text) refers (Special) to heapauxi.o(.text) for __use_two_region_memory
    startup_stm32g431xx.o(.text) refers to system_stm32g4xx.o(i.SystemInit) for SystemInit
    startup_stm32g431xx.o(.text) refers to __main.o(!!!main) for __main
    startup_stm32g431xx.o(.text) refers to startup_stm32g431xx.o(HEAP) for Heap_Mem
    startup_stm32g431xx.o(.text) refers to startup_stm32g431xx.o(STACK) for Stack_Mem
    main.o(i.SystemClock_Config) refers to rt_memclr_w.o(.text) for __aeabi_memclr4
    main.o(i.SystemClock_Config) refers to stm32g4xx_hal_pwr_ex.o(i.HAL_PWREx_ControlVoltageScaling) for HAL_PWREx_ControlVoltageScaling
    main.o(i.SystemClock_Config) refers to stm32g4xx_hal_rcc.o(i.HAL_RCC_OscConfig) for HAL_RCC_OscConfig
    main.o(i.SystemClock_Config) refers to main.o(i.Error_Handler) for Error_Handler
    main.o(i.SystemClock_Config) refers to stm32g4xx_hal_rcc.o(i.HAL_RCC_ClockConfig) for HAL_RCC_ClockConfig
    main.o(i.main) refers to stm32g4xx_hal.o(i.HAL_Init) for HAL_Init
    main.o(i.main) refers to main.o(i.SystemClock_Config) for SystemClock_Config
    main.o(i.main) refers to gpio.o(i.MX_GPIO_Init) for MX_GPIO_Init
    main.o(i.main) refers to tim.o(i.MX_TIM3_Init) for MX_TIM3_Init
    main.o(i.main) refers to tim.o(i.MX_TIM2_Init) for MX_TIM2_Init
    main.o(i.main) refers to stm32g4xx_hal_tim.o(i.HAL_TIM_PWM_Start_IT) for HAL_TIM_PWM_Start_IT
    main.o(i.main) refers to bsp_dwt.o(i.DWT_Init) for DWT_Init
    main.o(i.main) refers to ad7606b.o(i.AD7606B_Init) for AD7606B_Init
    main.o(i.main) refers to app_freertos.o(i.MX_FREERTOS_Init) for MX_FREERTOS_Init
    main.o(i.main) refers to cmsis_os.o(i.osKernelStart) for osKernelStart
    main.o(i.main) refers to tim.o(.bss) for htim3
    app_freertos.o(i.MX_FREERTOS_Init) refers to rt_memcpy_w.o(.text) for __aeabi_memcpy4
    app_freertos.o(i.MX_FREERTOS_Init) refers to cmsis_os.o(i.osThreadCreate) for osThreadCreate
    app_freertos.o(i.MX_FREERTOS_Init) refers to app_freertos.o(.constdata) for .constdata
    app_freertos.o(i.MX_FREERTOS_Init) refers to app_freertos.o(.data) for defaultTaskHandle
    app_freertos.o(i.StartDefaultTask) refers to cmsis_os.o(i.osDelay) for osDelay
    app_freertos.o(.constdata) refers to app_freertos.o(.conststring) for .conststring
    app_freertos.o(.constdata) refers to app_freertos.o(i.StartDefaultTask) for StartDefaultTask
    app_freertos.o(.constdata) refers to main_control_task.o(i.main_control_Task) for main_control_Task
    app_freertos.o(.constdata) refers to adc_task.o(i.adc_Task) for adc_Task
    tim.o(i.HAL_TIM_Base_MspDeInit) refers to stm32g4xx_hal_cortex.o(i.HAL_NVIC_DisableIRQ) for HAL_NVIC_DisableIRQ
    tim.o(i.HAL_TIM_Base_MspInit) refers to stm32g4xx_hal_cortex.o(i.HAL_NVIC_SetPriority) for HAL_NVIC_SetPriority
    tim.o(i.HAL_TIM_Base_MspInit) refers to stm32g4xx_hal_cortex.o(i.HAL_NVIC_EnableIRQ) for HAL_NVIC_EnableIRQ
    tim.o(i.HAL_TIM_MspPostInit) refers to rt_memclr_w.o(.text) for __aeabi_memclr4
    tim.o(i.HAL_TIM_MspPostInit) refers to stm32g4xx_hal_gpio.o(i.HAL_GPIO_Init) for HAL_GPIO_Init
    tim.o(i.MX_TIM2_Init) refers to rt_memclr_w.o(.text) for __aeabi_memclr4
    tim.o(i.MX_TIM2_Init) refers to stm32g4xx_hal_tim.o(i.HAL_TIM_Base_Init) for HAL_TIM_Base_Init
[...]
    ..\boards\bsp_pwm.c                      0x00000000   Number         0  bsp_pwm.o ABSOLUTE
    ..\boards\bsp_spi.c                      0x00000000   Number         0  bsp_spi.o ABSOLUTE
    ..\controller\Butterworth_Filter.c       0x00000000   Number         0  butterworth_filter.o ABSOLUTE
    ..\controller\TD.c                       0x00000000   Number         0  td.o ABSOLUTE
    ..\controller\controller.c               0x00000000   Number         0  controller.o ABSOLUTE
    ..\controller\pid.c                      0x00000000   Number         0  pid.o ABSOLUTE
    ..\device\ad7606b.c                      0x00000000   Number         0  ad7606b.o ABSOLUTE
    dc.s                                     0x00000000   Number         0  dc.o ABSOLUTE
    startup_stm32g431xx.s                    0x00000000   Number         0  startup_stm32g431xx.o ABSOLUTE
    RESET                                    0x08000000   Section      472  startup_stm32g431xx.o(RESET)
    !!!main                                  0x080001d8   Section        8  __main.o(!!!main)
    !!!scatter                               0x080001e0   Section       52  __scatter.o(!!!scatter)
    !!dclz77c                                0x08000214   Section      100  __dclz77c.o(!!dclz77c)
    !!handler_zi                             0x08000278   Section       28  __scatter_zi.o(!!handler_zi)
    .ARM.Collect$$libinit$$00000000          0x08000294   Section        2  libinit.o(.ARM.Collect$$libinit$$00000000)
    .ARM.Collect$$libinit$$00000001          0x08000296   Section        4  libinit2.o(.ARM.Collect$$libinit$$00000001)
    .ARM.Collect$$libinit$$00000004          0x0800029a   Section        0  libinit2.o(.ARM.Collect$$libinit$$00000004)
    .ARM.Collect$$libinit$$0000000A          0x0800029a   Section        0  libinit2.o(.ARM.Collect$$libinit$$0000000A)
    .ARM.Collect$$libinit$$0000000C          0x0800029a   Section        0  libinit2.o(.ARM.Collect$$libinit$$0000000C)
    .ARM.Collect$$libinit$$0000000E          0x0800029a   Section        0  libinit2.o(.ARM.Collect$$libinit$$0000000E)
    .ARM.Collect$$libinit$$00000011          0x0800029a   Section        0  libinit2.o(.ARM.Collect$$libinit$$00000011)
    .ARM.Collect$$libinit$$00000013          0x0800029a   Section        0  libinit2.o(.ARM.Collect$$libinit$$00000013)
    .ARM.Collect$$libinit$$00000015          0x0800029a   Section        0  libinit2.o(.ARM.Collect$$libinit$$00000015)
    .ARM.Collect$$libinit$$00000017          0x0800029a   Section        0  libinit2.o(.ARM.Collect$$libinit$$00000017)
    .ARM.Collect$$libinit$$00000019          0x0800029a   Section        0  libinit2.o(.ARM.Collect$$libinit$$00000019)
    .ARM.Collect$$libinit$$0000001B          0x0800029a   Section        0  libinit2.o(.ARM.Collect$$libinit$$0000001B)
    .ARM.Collect$$libinit$$0000001D          0x0800029a   Section        0  libinit2.o(.ARM.Collect$$libinit$$0000001D)
    .ARM.Collect$$libinit$$0000001F          0x0800029a   Section        0  libinit2.o(.ARM.Collect$$libinit$$0000001F)
    .ARM.Collect$$libinit$$00000021          0x0800029a   Section        0  libinit2.o(.ARM.Collect$$libinit$$00000021)
    .ARM.Collect$$libinit$$00000023          0x0800029a   Section        0  libinit2.o(.ARM.Collect$$libinit$$00000023)
    .ARM.Collect$$libinit$$00000025          0x0800029a   Section        0  libinit2.o(.ARM.Collect$$libinit$$00000025)
    .ARM.Collect$$libinit$$0000002C          0x0800029a   Section        0  libinit2.o(.ARM.Collect$$libinit$$0000002C)
    .ARM.Collect$$libinit$$0000002E          0x0800029a   Section        0  libinit2.o(.ARM.Collect$$libinit$$0000002E)
    .ARM.Collect$$libinit$$00000030          0x0800029a   Section        0  libinit2.o(.ARM.Collect$$libinit$$00000030)
    .ARM.Collect$$libinit$$00000032          0x0800029a   Section        0  libinit2.o(.ARM.Collect$$libinit$$00000032)
    .ARM.Collect$$libinit$$00000033          0x0800029a   Section        2  libinit2.o(.ARM.Collect$$libinit$$00000033)
    .ARM.Collect$$libshutdown$$00000000      0x0800029c   Section        2  libshutdown.o(.ARM.Collect$$libshutdown$$00000000)
    .ARM.Collect$$libshutdown$$00000002      0x0800029e   Section        0  libshutdown2.o(.ARM.Collect$$libshutdown$$00000002)
    .ARM.Collect$$libshutdown$$00000004      0x0800029e   Section        0  libshutdown2.o(.ARM.Collect$$libshutdown$$00000004)
    .ARM.Collect$$libshutdown$$00000007      0x0800029e   Section        0  libshutdown2.o(.ARM.Collect$$libshutdown$$00000007)
    .ARM.Collect$$libshutdown$$0000000A      0x0800029e   Section        0  libshutdown2.o(.ARM.Collect$$libshutdown$$0000000A)
    .ARM.Collect$$libshutdown$$0000000C      0x0800029e   Section        0  libshutdown2.o(.ARM.Collect$$libshutdown$$0000000C)
    .ARM.Collect$$libshutdown$$0000000F      0x0800029e   Section        0  libshutdown2.o(.ARM.Collect$$libshutdown$$0000000F)
    .ARM.Collect$$libshutdown$$00000010      0x0800029e   Section        2  libshutdown2.o(.ARM.Collect$$libshutdown$$00000010)
    .ARM.Collect$$rtentry$$00000000          0x080002a0   Section        0  __rtentry.o(.ARM.Collect$$rtentry$$00000000)
    .ARM.Collect$$rtentry$$00000002          0x080002a0   Section        0  __rtentry2.o(.ARM.Collect$$rtentry$$00000002)
    .ARM.Collect$$rtentry$$00000004          0x080002a0   Section        6  __rtentry4.o(.ARM.Collect$$rtentry$$00000004)
    .ARM.Collect$$rtentry$$00000009          0x080002a6   Section        0  __rtentry2.o(.ARM.Collect$$rtentry$$00000009)
    .ARM.Collect$$rtentry$$0000000A          0x080002a6   Section        4  __rtentry2.o(.ARM.Collect$$rtentry$$0000000A)
    .ARM.Collect$$rtentry$$0000000C          0x080002aa   Section        0  __rtentry2.o(.ARM.Collect$$rtentry$$0000000C)
    .ARM.Collect$$rtentry$$0000000D          0x080002aa   Section        8  __rtentry2.o(.ARM.Collect$$rtentry$$0000000D)
    .ARM.Collect$$rtexit$$00000000           0x080002b2   Section        2  rtexit.o(.ARM.Collect$$rtexit$$00000000)
    .ARM.Collect$$rtexit$$00000002           0x080002b4   Section        0  rtexit2.o(.ARM.Collect$$rtexit$$00000002)
    .ARM.Collect$$rtexit$$00000003           0x080002b4   Section        4  rtexit2.o(.ARM.Collect$$rtexit$$00000003)
    .ARM.Collect$$rtexit$$00000004           0x080002b8   Section        6  rtexit2.o(.ARM.Collect$$rtexit$$00000004)
    .emb_text                                0x080002c0   Section      190  port.o(.emb_text)
    $v0                                      0x080002c0   Number         0  port.o(.emb_text)
    .text                                    0x08000380   Section       64  startup_stm32g431xx.o(.text)
    $v0                                      0x08000380   Number         0  startup_stm32g431xx.o(.text)
    .text                                    0x080003c0   Section      100  rt_memcpy_w.o(.text)
    .text                                    0x08000424   Section       78  rt_memclr_w.o(.text)
    .text                                    0x08000472   Section        0  heapauxi.o(.text)
    .text                                    0x08000478   Section        8  libspace.o(.text)
    .text                                    0x08000480   Section        2  use_no_semi.o(.text)
    .text                                    0x08000482   Section        0  indicate_semi.o(.text)
    .text                                    0x08000482   Section       74  sys_stackheap_outer.o(.text)
    .text                                    0x080004cc   Section        0  exit.o(.text)
    .text                                    0x080004e0   Section        0  sys_exit.o(.text)
    i.AD7606B_Init                           0x080004ec   Section        0  ad7606b.o(i.AD7606B_Init)
    i.AD7606B_Read_AD_Data                   0x080005e8   Section        0  ad7606b.o(i.AD7606B_Read_AD_Data)
    i.AD7606B_Read_Reg                       0x08000630   Section        0  ad7606b.o(i.AD7606B_Read_Reg)
    i.AD7606B_Start_Convst                   0x0800066c   Section        0  ad7606b.o(i.AD7606B_Start_Convst)
    i.AD7606B_Write_Reg                      0x08000688   Section        0  ad7606b.o(i.AD7606B_Write_Reg)
    i.BusFault_Handler                       0x080006b8   Section        0  stm32g4xx_it.o(i.BusFault_Handler)
    i.DWT_Init                               0x080006bc   Section        0  bsp_dwt.o(i.DWT_Init)
    i.DebugMon_Handler                       0x08000724   Section        0  stm32g4xx_it.o(i.DebugMon_Handler)
    i.Error_Handler                          0x08000726   Section        0  main.o(i.Error_Handler)
    i.HAL_Delay                              0x0800072c   Section        0  stm32g4xx_hal.o(i.HAL_Delay)
    i.HAL_GPIO_Init                          0x08000754   Section        0  stm32g4xx_hal_gpio.o(i.HAL_GPIO_Init)
    i.HAL_GPIO_ReadPin                       0x08000920   Section        0  stm32g4xx_hal_gpio.o(i.HAL_GPIO_ReadPin)
    i.HAL_GPIO_WritePin                      0x08000930   Section        0  stm32g4xx_hal_gpio.o(i.HAL_GPIO_WritePin)
    i.HAL_GetTick                            0x0800093c   Section        0  stm32g4xx_hal.o(i.HAL_GetTick)
    i.HAL_IncTick                            0x08000948   Section        0  stm32g4xx_hal.o(i.HAL_IncTick)
    i.HAL_Init                               0x08000960   Section        0  stm32g4xx_hal.o(i.HAL_Init)
    i.HAL_InitTick                           0x08000980   Section        0  stm32g4xx_hal.o(i.HAL_InitTick)
    i.HAL_MspInit                            0x080009d8   Section        0  stm32g4xx_hal_msp.o(i.HAL_MspInit)
    i.HAL_NVIC_EnableIRQ                     0x08000a24   Section        0  stm32g4xx_hal_cortex.o(i.HAL_NVIC_EnableIRQ)
    i.HAL_NVIC_SetPriority                   0x08000a4c   Section        0  stm32g4xx_hal_cortex.o(i.HAL_NVIC_SetPriority)
    i.HAL_NVIC_SetPriorityGrouping           0x08000ac8   Section        0  stm32g4xx_hal_cortex.o(i.HAL_NVIC_SetPriorityGrouping)
    i.HAL_PWREx_ControlVoltageScaling        0x08000af0   Section        0  stm32g4xx_hal_pwr_ex.o(i.HAL_PWREx_ControlVoltageScaling)
    i.HAL_PWREx_DisableUCPDDeadBattery       0x08000c08   Section        0  stm32g4xx_hal_pwr_ex.o(i.HAL_PWREx_DisableUCPDDeadBattery)
    i.HAL_RCC_ClockConfig                    0x08000c1c   Section        0  stm32g4xx_hal_rcc.o(i.HAL_RCC_ClockConfig)
    i.HAL_RCC_GetSysClockFreq                0x08000e40   Section        0  stm32g4xx_hal_rcc.o(i.HAL_RCC_GetSysClockFreq)
    i.HAL_RCC_OscConfig                      0x08000ed8   Section        0  stm32g4xx_hal_rcc.o(i.HAL_RCC_OscConfig)
    i.HAL_SYSTICK_Config                     0x08001434   Section        0  stm32g4xx_hal_cortex.o(i.HAL_SYSTICK_Config)
    i.HAL_TIMEx_Break2Callback               0x08001468   Section        0  stm32g4xx_hal_tim_ex.o(i.HAL_TIMEx_Break2Callback)
    i.HAL_TIMEx_BreakCallback                0x0800146a   Section        0  stm32g4xx_hal_tim_ex.o(i.HAL_TIMEx_BreakCallback)
    i.HAL_TIMEx_CommutCallback               0x0800146c   Section        0  stm32g4xx_hal_tim_ex.o(i.HAL_TIMEx_CommutCallback)
    i.HAL_TIMEx_DirectionChangeCallback      0x0800146e   Section        0  stm32g4xx_hal_tim_ex.o(i.HAL_TIMEx_DirectionChangeCallback)
    i.HAL_TIMEx_EncoderIndexCallback         0x08001470   Section        0  stm32g4xx_hal_tim_ex.o(i.HAL_TIMEx_EncoderIndexCallback)
    i.HAL_TIMEx_IndexErrorCallback           0x08001472   Section        0  stm32g4xx_hal_tim_ex.o(i.HAL_TIMEx_IndexErrorCallback)
    i.HAL_TIMEx_MasterConfigSynchronization  0x08001474   Section        0  stm32g4xx_hal_tim_ex.o(i.HAL_TIMEx_MasterConfigSynchronization)
    i.HAL_TIMEx_TransitionErrorCallback      0x0800152c   Section        0  stm32g4xx_hal_tim_ex.o(i.HAL_TIMEx_TransitionErrorCallback)
    i.HAL_TIM_Base_Init                      0x0800152e   Section        0  stm32g4xx_hal_tim.o(i.HAL_TIM_Base_Init)
    i.HAL_TIM_Base_MspInit                   0x0800159c   Section        0  tim.o(i.HAL_TIM_Base_MspInit)
    i.HAL_TIM_ConfigClockSource              0x08001614   Section        0  stm32g4xx_hal_tim.o(i.HAL_TIM_ConfigClockSource)
    i.HAL_TIM_IC_CaptureCallback             0x08001748   Section        0  stm32g4xx_hal_tim.o(i.HAL_TIM_IC_CaptureCallback)
    i.HAL_TIM_IRQHandler                     0x0800174a   Section        0  stm32g4xx_hal_tim.o(i.HAL_TIM_IRQHandler)
    i.HAL_TIM_MspPostInit                    0x0800196c   Section        0  tim.o(i.HAL_TIM_MspPostInit)
    i.HAL_TIM_OC_DelayElapsedCallback        0x08001a78   Section        0  stm32g4xx_hal_tim.o(i.HAL_TIM_OC_DelayElapsedCallback)
    i.HAL_TIM_PWM_ConfigChannel              0x08001a7a   Section        0  stm32g4xx_hal_tim.o(i.HAL_TIM_PWM_ConfigChannel)
    i.HAL_TIM_PWM_Init                       0x08001bea   Section        0  stm32g4xx_hal_tim.o(i.HAL_TIM_PWM_Init)
    i.HAL_TIM_PWM_MspInit                    0x08001c58   Section        0  stm32g4xx_hal_tim.o(i.HAL_TIM_PWM_MspInit)
    i.HAL_TIM_PWM_PulseFinishedCallback      0x08001c5a   Section        0  stm32g4xx_hal_tim.o(i.HAL_TIM_PWM_PulseFinishedCallback)
    i.HAL_TIM_PWM_Start_IT                   0x08001c5c   Section        0  stm32g4xx_hal_tim.o(i.HAL_TIM_PWM_Start_IT)
    i.HAL_TIM_PeriodElapsedCallback          0x08001dfc   Section        0  stm32g4xx_hal_tim.o(i.HAL_TIM_PeriodElapsedCallback)
    i.HAL_TIM_TriggerCallback                0x08001dfe   Section        0  stm32g4xx_hal_tim.o(i.HAL_TIM_TriggerCallback)
    i.HardFault_Handler                      0x08001e00   Section        0  stm32g4xx_it.o(i.HardFault_Handler)
    i.MX_FREERTOS_Init                       0x08001e04   Section        0  app_freertos.o(i.MX_FREERTOS_Init)
    i.MX_GPIO_Init                           0x08001e64   Section        0  gpio.o(i.MX_GPIO_Init)
    i.MX_TIM2_Init                           0x08001ed8   Section        0  tim.o(i.MX_TIM2_Init)
    i.MX_TIM3_Init                           0x08001fbc   Section        0  tim.o(i.MX_TIM3_Init)
    i.MemManage_Handler                      0x08002098   Section        0  stm32g4xx_it.o(i.MemManage_Handler)
    i.NMI_Handler                            0x0800209c   Section        0  stm32g4xx_it.o(i.NMI_Handler)
    i.PID_calc                               0x080020a0   Section        0  pid.o(i.PID_calc)
    i.PID_init                               0x08002290   Section        0  pid.o(i.PID_init)
    i.RCC_GetSysClockFreqFromPLLSource       0x080022f0   Section        0  stm32g4xx_hal_rcc.o(i.RCC_GetSysClockFreqFromPLLSource)
    RCC_GetSysClockFreqFromPLLSource         0x080022f1   Thumb Code    90  stm32g4xx_hal_rcc.o(i.RCC_GetSysClockFreqFromPLLSource)
    i.StartDefaultTask                       0x08002358   Section        0  app_freertos.o(i.StartDefaultTask)
    i.SysTick_Handler                        0x08002362   Section        0  stm32g4xx_it.o(i.SysTick_Handler)
    i.SystemClock_Config                     0x08002376   Section        0  main.o(i.SystemClock_Config)
    i.SystemInit                             0x080023e4   Section        0  system_stm32g4xx.o(i.SystemInit)
    i.TIM2_IRQHandler                        0x080023f8   Section        0  stm32g4xx_it.o(i.TIM2_IRQHandler)
    i.TIM3_IRQHandler                        0x08002408   Section        0  bsp_pwm.o(i.TIM3_IRQHandler)
    i.TIM_Base_SetConfig                     0x08002520   Section        0  stm32g4xx_hal_tim.o(i.TIM_Base_SetConfig)
    i.TIM_CCxChannelCmd                      0x080025ec   Section        0  stm32g4xx_hal_tim.o(i.TIM_CCxChannelCmd)
    i.TIM_ETR_SetConfig                      0x0800260e   Section        0  stm32g4xx_hal_tim.o(i.TIM_ETR_SetConfig)
    i.TIM_ITRx_SetConfig                     0x08002624   Section        0  stm32g4xx_hal_tim.o(i.TIM_ITRx_SetConfig)
    TIM_ITRx_SetConfig                       0x08002625   Thumb Code    18  stm32g4xx_hal_tim.o(i.TIM_ITRx_SetConfig)
    i.TIM_OC1_SetConfig                      0x0800263c   Section        0  stm32g4xx_hal_tim.o(i.TIM_OC1_SetConfig)
    TIM_OC1_SetConfig                        0x0800263d   Thumb Code   146  stm32g4xx_hal_tim.o(i.TIM_OC1_SetConfig)
    i.TIM_OC2_SetConfig                      0x080026e8   Section        0  stm32g4xx_hal_tim.o(i.TIM_OC2_SetConfig)
    i.TIM_OC3_SetConfig                      0x0800279c   Section        0  stm32g4xx_hal_tim.o(i.TIM_OC3_SetConfig)
    TIM_OC3_SetConfig                        0x0800279d   Thumb Code   154  stm32g4xx_hal_tim.o(i.TIM_OC3_SetConfig)
    i.TIM_OC4_SetConfig                      0x08002850   Section        0  stm32g4xx_hal_tim.o(i.TIM_OC4_SetConfig)
    TIM_OC4_SetConfig                        0x08002851   Thumb Code   156  stm32g4xx_hal_tim.o(i.TIM_OC4_SetConfig)
    i.TIM_OC5_SetConfig                      0x08002904   Section        0  stm32g4xx_hal_tim.o(i.TIM_OC5_SetConfig)
    TIM_OC5_SetConfig                        0x08002905   Thumb Code    86  stm32g4xx_hal_tim.o(i.TIM_OC5_SetConfig)
    i.TIM_OC6_SetConfig                      0x08002974   Section        0  stm32g4xx_hal_tim.o(i.TIM_OC6_SetConfig)
    TIM_OC6_SetConfig                        0x08002975   Thumb Code    88  stm32g4xx_hal_tim.o(i.TIM_OC6_SetConfig)
    i.TIM_TI1_ConfigInputStage               0x080029e4   Section        0  stm32g4xx_hal_tim.o(i.TIM_TI1_ConfigInputStage)
    TIM_TI1_ConfigInputStage                 0x080029e5   Thumb Code    38  stm32g4xx_hal_tim.o(i.TIM_TI1_ConfigInputStage)
    i.TIM_TI2_ConfigInputStage               0x08002a0a   Section        0  stm32g4xx_hal_tim.o(i.TIM_TI2_ConfigInputStage)
    TIM_TI2_ConfigInputStage                 0x08002a0b   Thumb Code    40  stm32g4xx_hal_tim.o(i.TIM_TI2_ConfigInputStage)
    i.UsageFault_Handler                     0x08002a32   Section        0  stm32g4xx_it.o(i.UsageFault_Handler)
    i.__NVIC_GetPriorityGrouping             0x08002a38   Section        0  stm32g4xx_hal_cortex.o(i.__NVIC_GetPriorityGrouping)
    __NVIC_GetPriorityGrouping               0x08002a39   Thumb Code    10  stm32g4xx_hal_cortex.o(i.__NVIC_GetPriorityGrouping)
    i.__NVIC_SetPriority                     0x08002a48   Section        0  stm32g4xx_hal_cortex.o(i.__NVIC_SetPriority)
    __NVIC_SetPriority                       0x08002a49   Thumb Code    32  stm32g4xx_hal_cortex.o(i.__NVIC_SetPriority)
    i.adc_Task                               0x08002a70   Section        0  adc_task.o(i.adc_Task)
    i.control_value_init                     0x08002b0c   Section        0  main_control_task.o(i.control_value_init)
    control_value_init                       0x08002b0d   Thumb Code   178  main_control_task.o(i.control_value_init)
    i.control_value_loop                     0x08002be0   Section        0  main_control_task.o(i.control_value_loop)
    control_value_loop                       0x08002be1   Thumb Code   324  main_control_task.o(i.control_value_loop)
    i.control_value_set                      0x08002d38   Section        0  main_control_task.o(i.control_value_set)
    control_value_set                        0x08002d39   Thumb Code   250  main_control_task.o(i.control_value_set)
    i.first_order_filter_cali                0x08002e40   Section        0  user_lib.o(i.first_order_filter_cali)
    i.first_order_filter_init                0x08002e94   Section        0  user_lib.o(i.first_order_filter_init)
    i.loop_int_constrain                     0x08002eb8   Section        0  bsp_pwm.o(i.loop_int_constrain)
    i.main                                   0x08002ee4   Section        0  main.o(i.main)
    i.main_control_Task                      0x08002f58   Section        0  main_control_task.o(i.main_control_Task)
    i.makeFreeRtosPriority                   0x08002f80   Section        0  cmsis_os.o(i.makeFreeRtosPriority)
    makeFreeRtosPriority                     0x08002f81   Thumb Code    14  cmsis_os.o(i.makeFreeRtosPriority)
    i.osDelay                                0x08002f8e   Section        0  cmsis_os.o(i.osDelay)
    i.osKernelStart                          0x08002fa6   Section        0  cmsis_os.o(i.osKernelStart)
    i.osThreadCreate                         0x08002fb0   Section        0  cmsis_os.o(i.osThreadCreate)
    i.prvAddCurrentTaskToDelayedList         0x08002fe0   Section        0  tasks.o(i.prvAddCurrentTaskToDelayedList)
    prvAddCurrentTaskToDelayedList           0x08002fe1   Thumb Code   124  tasks.o(i.prvAddCurrentTaskToDelayedList)
    i.prvAddNewTaskToReadyList               0x08003078   Section        0  tasks.o(i.prvAddNewTaskToReadyList)
    prvAddNewTaskToReadyList                 0x08003079   Thumb Code   150  tasks.o(i.prvAddNewTaskToReadyList)
    i.prvCheckTasksWaitingTermination        0x0800312c   Section        0  tasks.o(i.prvCheckTasksWaitingTermination)
    prvCheckTasksWaitingTermination          0x0800312d   Thumb Code    60  tasks.o(i.prvCheckTasksWaitingTermination)
    i.prvDeleteTCB                           0x08003174   Section        0  tasks.o(i.prvDeleteTCB)
    prvDeleteTCB                             0x08003175   Thumb Code    18  tasks.o(i.prvDeleteTCB)
    i.prvHeapInit                            0x08003188   Section        0  heap_4.o(i.prvHeapInit)
    prvHeapInit                              0x08003189   Thumb Code    98  heap_4.o(i.prvHeapInit)
    i.prvIdleTask                            0x08003204   Section        0  tasks.o(i.prvIdleTask)
    prvIdleTask                              0x08003205   Thumb Code    32  tasks.o(i.prvIdleTask)
    i.prvInitialiseNewTask                   0x0800322c   Section        0  tasks.o(i.prvInitialiseNewTask)
    prvInitialiseNewTask                     0x0800322d   Thumb Code   180  tasks.o(i.prvInitialiseNewTask)
    i.prvInitialiseTaskLists                 0x080032e0   Section        0  tasks.o(i.prvInitialiseTaskLists)
    prvInitialiseTaskLists                   0x080032e1   Thumb Code    70  tasks.o(i.prvInitialiseTaskLists)
    i.prvInsertBlockIntoFreeList             0x08003348   Section        0  heap_4.o(i.prvInsertBlockIntoFreeList)
    prvInsertBlockIntoFreeList               0x08003349   Thumb Code    96  heap_4.o(i.prvInsertBlockIntoFreeList)
    i.prvResetNextTaskUnblockTime            0x080033b0   Section        0  tasks.o(i.prvResetNextTaskUnblockTime)
    prvResetNextTaskUnblockTime              0x080033b1   Thumb Code    42  tasks.o(i.prvResetNextTaskUnblockTime)
    i.prvTaskExitError                       0x080033e4   Section        0  port.o(i.prvTaskExitError)
    prvTaskExitError                         0x080033e5   Thumb Code    60  port.o(i.prvTaskExitError)
    i.pvPortMalloc                           0x08003424   Section        0  heap_4.o(i.pvPortMalloc)
    i.pxPortInitialiseStack                  0x08003570   Section        0  port.o(i.pxPortInitialiseStack)
    i.spi1_init                              0x0800359c   Section        0  bsp_spi.o(i.spi1_init)
    i.spi1_read_write_16bit                  0x080035f8   Section        0  bsp_spi.o(i.spi1_read_write_16bit)
    i.uxListRemove                           0x08003668   Section        0  list.o(i.uxListRemove)
    i.vListInitialise                        0x08003690   Section        0  list.o(i.vListInitialise)
    i.vListInitialiseItem                    0x080036aa   Section        0  list.o(i.vListInitialiseItem)
    i.vListInsert                            0x080036b0   Section        0  list.o(i.vListInsert)
    i.vListInsertEnd                         0x080036e4   Section        0  list.o(i.vListInsertEnd)
    i.vPortEnterCritical                     0x080036fc   Section        0  port.o(i.vPortEnterCritical)
    i.vPortExitCritical                      0x08003750   Section        0  port.o(i.vPortExitCritical)
    i.vPortFree                              0x0800378c   Section        0  heap_4.o(i.vPortFree)
    i.vPortSetupTimerInterrupt               0x08003830   Section        0  port.o(i.vPortSetupTimerInterrupt)
    i.vTaskDelay                             0x08003858   Section        0  tasks.o(i.vTaskDelay)
    i.vTaskStartScheduler                    0x080038b4   Section        0  tasks.o(i.vTaskStartScheduler)
    i.vTaskSuspendAll                        0x0800393c   Section        0  tasks.o(i.vTaskSuspendAll)
    i.vTaskSwitchContext                     0x0800394c   Section        0  tasks.o(i.vTaskSwitchContext)
    i.xPortStartScheduler                    0x080039d8   Section        0  port.o(i.xPortStartScheduler)
    i.xPortSysTickHandler                    0x08003b40   Section        0  port.o(i.xPortSysTickHandler)
    i.xTaskCreate                            0x08003b74   Section        0  tasks.o(i.xTaskCreate)
    i.xTaskGetSchedulerState                 0x08003bd4   Section        0  tasks.o(i.xTaskGetSchedulerState)
    i.xTaskIncrementTick                     0x08003bf4   Section        0  tasks.o(i.xTaskIncrementTick)
    i.xTaskResumeAll                         0x08003d3c   Section        0  tasks.o(i.xTaskResumeAll)
    x$fpl$fpinit                             0x08003e40   Section       10  fpinit.o(x$fpl$fpinit)
    $v0                                      0x08003e40   Number         0  fpinit.o(x$fpl$fpinit)
    .constdata                               0x08003e4c   Section       60  app_freertos.o(.constdata)
    .constdata                               0x08003e88   Section       24  system_stm32g4xx.o(.constdata)
    .constdata                               0x08003ea0   Section       28  main_control_task.o(.constdata)
    adc_order_filter                         0x08003ea0   Data           4  main_control_task.o(.constdata)
    dcdc_voltage1_pid                        0x08003ea4   Data          12  main_control_task.o(.constdata)
    dcdc_voltage2_pid                        0x08003eb0   Data          12  main_control_task.o(.constdata)
    .constdata                               0x08003ebc   Section       16  ad7606b.o(.constdata)
    .conststring                             0x08003ecc   Section       36  app_freertos.o(.conststring)
    .data                                    0x20000000   Section       12  app_freertos.o(.data)
    .data                                    0x2000000c   Section       12  stm32g4xx_hal.o(.data)
    .data                                    0x20000018   Section        4  system_stm32g4xx.o(.data)
    .data                                    0x2000001c   Section       60  tasks.o(.data)
    pxDelayedTaskList                        0x20000020   Data           4  tasks.o(.data)
    pxOverflowDelayedTaskList                0x20000024   Data           4  tasks.o(.data)
    uxDeletedTasksWaitingCleanUp             0x20000028   Data           4  tasks.o(.data)
    uxCurrentNumberOfTasks                   0x2000002c   Data           4  tasks.o(.data)
    xTickCount                               0x20000030   Data           4  tasks.o(.data)
    uxTopReadyPriority                       0x20000034   Data           4  tasks.o(.data)
    xSchedulerRunning                        0x20000038   Data           4  tasks.o(.data)
    xPendedTicks                             0x2000003c   Data           4  tasks.o(.data)
    xYieldPending                            0x20000040   Data           4  tasks.o(.data)
    xNumOfOverflows                          0x20000044   Data           4  tasks.o(.data)
    uxTaskNumber                             0x20000048   Data           4  tasks.o(.data)
    xNextTaskUnblockTime                     0x2000004c   Data           4  tasks.o(.data)
    xIdleTaskHandle                          0x20000050   Data           4  tasks.o(.data)
    uxSchedulerSuspended                     0x20000054   Data           4  tasks.o(.data)
    .data                                    0x20000058   Section       32  heap_4.o(.data)
    xStart                                   0x20000058   Data           8  heap_4.o(.data)
    pxEnd                                    0x20000060   Data           4  heap_4.o(.data)
    xFreeBytesRemaining                      0x20000064   Data           4  heap_4.o(.data)
    xMinimumEverFreeBytesRemaining           0x20000068   Data           4  heap_4.o(.data)
    xNumberOfSuccessfulAllocations           0x2000006c   Data           4  heap_4.o(.data)
    xNumberOfSuccessfulFrees                 0x20000070   Data           4  heap_4.o(.data)
    xBlockAllocatedBit                       0x20000074   Data           4  heap_4.o(.data)
    .data                                    0x20000078   Section       12  port.o(.data)
    uxCriticalNesting                        0x20000078   Data           4  port.o(.data)
    ucMaxSysCallPriority                     0x2000007c   Data           1  port.o(.data)
    ulMaxPRIGROUPValue                       0x20000080   Data           4  port.o(.data)
    .data                                    0x20000084   Section        8  main_control_task.o(.data)
    .data                                    0x2000008c   Section     4400  bsp_pwm.o(.data)
    .data                                    0x200011c0   Section       64  bsp_dwt.o(.data)
    CPU_FREQ_Hz                              0x200011c8   Data           4  bsp_dwt.o(.data)
    CPU_FREQ_Hz_ms                           0x200011cc   Data           4  bsp_dwt.o(.data)
    CPU_FREQ_Hz_us                           0x200011d0   Data           4  bsp_dwt.o(.data)
    CYCCNT_RountCount                        0x200011d4   Data           4  bsp_dwt.o(.data)
    CYCCNT_LAST                              0x200011d8   Data           4  bsp_dwt.o(.data)
    CNT_TEMP1                                0x200011e8   Data           8  bsp_dwt.o(.data)
    CNT_TEMP2                                0x200011f0   Data           8  bsp_dwt.o(.data)
    CNT_TEMP3                                0x200011f8   Data           8  bsp_dwt.o(.data)
    .bss                                     0x20001200   Section      152  tim.o(.bss)
    .bss                                     0x20001298   Section      240  tasks.o(.bss)
    pxReadyTasksLists                        0x20001298   Data         140  tasks.o(.bss)
    xDelayedTaskList1                        0x20001324   Data          20  tasks.o(.bss)
    xDelayedTaskList2                        0x20001338   Data          20  tasks.o(.bss)
    xPendingReadyList                        0x2000134c   Data          20  tasks.o(.bss)
    xTasksWaitingTermination                 0x20001360   Data          20  tasks.o(.bss)
    xSuspendedTaskList                       0x20001374   Data          20  tasks.o(.bss)
    .bss                                     0x20001388   Section     3072  heap_4.o(.bss)
    ucHeap                                   0x20001388   Data        3072  heap_4.o(.bss)
    .bss                                     0x20001f88   Section      376  main_control_task.o(.bss)
    .bss                                     0x20002100   Section       96  libspace.o(.bss)
    HEAP                                     0x20002160   Section      512  startup_stm32g431xx.o(HEAP)
    Heap_Mem                                 0x20002160   Data         512  startup_stm32g431xx.o(HEAP)
    STACK                                    0x20002360   Section     1024  startup_stm32g431xx.o(STACK)
    Stack_Mem                                0x20002360   Data        1024  startup_stm32g431xx.o(STACK)
    __initial_sp                             0x20002760   Data           0  startup_stm32g431xx.o(STACK)

    Global Symbols

    Symbol Name                              Value     Ov Type        Size  Object(Section)

    BuildAttributes$$THM_ISAv4$E$P$D$K$B$S$7EM$VFPi3$EXTD16$VFPS$VFMA$PE$A:L22UL41UL21$X:L11$S22US41US21$IEEE1$IW$USESV6$~STKCKD$USESV7$~SHL$OTIME$ROPI$IEEEJ$EBA8$UX$STANDARDLIB$REQ8$PRES8$EABIv2 0x00000000   Number         0  anon$$obj.o ABSOLUTE
    __ARM_use_no_argv                        0x00000000   Number         0  main.o ABSOLUTE
    __ARM_exceptions_init                     - Undefined Weak Reference
    __alloca_initialize                       - Undefined Weak Reference
    __arm_preinit_                            - Undefined Weak Reference
    __cpp_initialize__aeabi_                  - Undefined Weak Reference
    __cxa_finalize                            - Undefined Weak Reference
    __rt_locale                               - Undefined Weak Reference
    __sigvec_lookup                           - Undefined Weak Reference
    __user_heap_extent                        - Undefined Weak Reference
    _atexit_init                              - Undefined Weak Reference
    _call_atexit_fns                          - Undefined Weak Reference
    _clock_init                               - Undefined Weak Reference
    _fp_trap_init                             - Undefined Weak Reference
    _fp_trap_shutdown                         - Undefined Weak Reference
    _get_lc_collate                           - Undefined Weak Reference
    _get_lc_ctype                             - Undefined Weak Reference
    _get_lc_monetary                          - Undefined Weak Reference
    _get_lc_numeric                           - Undefined Weak Reference
    _get_lc_time                              - Undefined Weak Reference
    _getenv_init                              - Undefined Weak Reference
    _handle_redirection                       - Undefined Weak Reference
    _initio                                   - Undefined Weak Reference
    _mutex_acquire                            - Undefined Weak Reference
    _mutex_free                               - Undefined Weak Reference
    _mutex_release                            - Undefined Weak Reference
    _rand_init                                - Undefined Weak Reference
    _signal_finish                            - Undefined Weak Reference
    _signal_init                              - Undefined Weak Reference
    _terminateio                              - Undefined Weak Reference
    __Vectors_Size                           0x000001d8   Number         0  startup_stm32g431xx.o ABSOLUTE
    __Vectors                                0x08000000   Data           4  startup_stm32g431xx.o(RESET)
    __Vectors_End                            0x080001d8   Data           0  startup_stm32g431xx.o(RESET)
    __main                                   0x080001d9   Thumb Code     8  __main.o(!!!main)
    __scatterload                            0x080001e1   Thumb Code     0  __scatter.o(!!!scatter)
    __scatterload_rt2                        0x080001e1   Thumb Code    44  __scatter.o(!!!scatter)
    __scatterload_rt2_thumb_only             0x080001e1   Thumb Code     0  __scatter.o(!!!scatter)
    __scatterload_null                       0x080001ef   Thumb Code     0  __scatter.o(!!!scatter)
    __decompress                             0x08000215   Thumb Code   100  __dclz77c.o(!!dclz77c)
    __decompress2                            0x08000215   Thumb Code     0  __dclz77c.o(!!dclz77c)
    __scatterload_zeroinit                   0x08000279   Thumb Code    28  __scatter_zi.o(!!handler_zi)
    __rt_lib_init                            0x08000295   Thumb Code     0  libinit.o(.ARM.Collect$$libinit$$00000000)
    __rt_lib_init_fp_1                       0x08000297   Thumb Code     0  libinit2.o(.ARM.Collect$$libinit$$00000001)
    __rt_lib_init_alloca_1                   0x0800029b   Thumb Code     0  libinit2.o(.ARM.Collect$$libinit$$0000002E)
    __rt_lib_init_argv_1                     0x0800029b   Thumb Code     0  libinit2.o(.ARM.Collect$$libinit$$0000002C)
    __rt_lib_init_atexit_1                   0x0800029b   Thumb Code     0  libinit2.o(.ARM.Collect$$libinit$$0000001B)
    __rt_lib_init_clock_1                    0x0800029b   Thumb Code     0  libinit2.o(.ARM.Collect$$libinit$$00000021)
    __rt_lib_init_cpp_1                      0x0800029b   Thumb Code     0  libinit2.o(.ARM.Collect$$libinit$$00000032)
    __rt_lib_init_exceptions_1               0x0800029b   Thumb Code     0  libinit2.o(.ARM.Collect$$libinit$$00000030)
    __rt_lib_init_fp_trap_1                  0x0800029b   Thumb Code     0  libinit2.o(.ARM.Collect$$libinit$$0000001F)
    __rt_lib_init_getenv_1                   0x0800029b   Thumb Code     0  libinit2.o(.ARM.Collect$$libinit$$00000023)
    __rt_lib_init_heap_1                     0x0800029b   Thumb Code     0  libinit2.o(.ARM.Collect$$libinit$$0000000A)
    __rt_lib_init_lc_collate_1               0x0800029b   Thumb Code     0  libinit2.o(.ARM.Collect$$libinit$$00000011)
    __rt_lib_init_lc_ctype_1                 0x0800029b   Thumb Code     0  libinit2.o(.ARM.Collect$$libinit$$00000013)
    __rt_lib_init_lc_monetary_1              0x0800029b   Thumb Code     0  libinit2.o(.ARM.Collect$$libinit$$00000015)
    __rt_lib_init_lc_numeric_1               0x0800029b   Thumb Code     0  libinit2.o(.ARM.Collect$$libinit$$00000017)
    __rt_lib_init_lc_time_1                  0x0800029b   Thumb Code     0  libinit2.o(.ARM.Collect$$libinit$$00000019)
    __rt_lib_init_preinit_1                  0x0800029b   Thumb Code     0  libinit2.o(.ARM.Collect$$libinit$$00000004)
    __rt_lib_init_rand_1                     0x0800029b   Thumb Code     0  libinit2.o(.ARM.Collect$$libinit$$0000000E)
    __rt_lib_init_return                     0x0800029b   Thumb Code     0  libinit2.o(.ARM.Collect$$libinit$$00000033)
    __rt_lib_init_signal_1                   0x0800029b   Thumb Code     0  libinit2.o(.ARM.Collect$$libinit$$0000001D)
    __rt_lib_init_stdio_1                    0x0800029b   Thumb Code     0  libinit2.o(.ARM.Collect$$libinit$$00000025)
    __rt_lib_init_user_alloc_1               0x0800029b   Thumb Code     0  libinit2.o(.ARM.Collect$$libinit$$0000000C)
    __rt_lib_shutdown                        0x0800029d   Thumb Code     0  libshutdown.o(.ARM.Collect$$libshutdown$$00000000)
    __rt_lib_shutdown_cpp_1                  0x0800029f   Thumb Code     0  libshutdown2.o(.ARM.Collect$$libshutdown$$00000002)
    __rt_lib_shutdown_fp_trap_1              0x0800029f   Thumb Code     0  libshutdown2.o(.ARM.Collect$$libshutdown$$00000007)
    __rt_lib_shutdown_heap_1                 0x0800029f   Thumb Code     0  libshutdown2.o(.ARM.Collect$$libshutdown$$0000000F)
    __rt_lib_shutdown_return                 0x0800029f   Thumb Code     0  libshutdown2.o(.ARM.Collect$$libshutdown$$00000010)
    __rt_lib_shutdown_signal_1               0x0800029f   Thumb Code     0  libshutdown2.o(.ARM.Collect$$libshutdown$$0000000A)
    __rt_lib_shutdown_stdio_1                0x0800029f   Thumb Code     0  libshutdown2.o(.ARM.Collect$$libshutdown$$00000004)
    __rt_lib_shutdown_user_alloc_1           0x0800029f   Thumb Code     0  libshutdown2.o(.ARM.Collect$$libshutdown$$0000000C)
    __rt_entry                               0x080002a1   Thumb Code     0  __rtentry.o(.ARM.Collect$$rtentry$$00000000)
    __rt_entry_presh_1                       0x080002a1   Thumb Code     0  __rtentry2.o(.ARM.Collect$$rtentry$$00000002)
    __rt_entry_sh                            0x080002a1   Thumb Code     0  __rtentry4.o(.ARM.Collect$$rtentry$$00000004)
    __rt_entry_li                            0x080002a7   Thumb Code     0  __rtentry2.o(.ARM.Collect$$rtentry$$0000000A)
    __rt_entry_postsh_1                      0x080002a7   Thumb Code     0  __rtentry2.o(.ARM.Collect$$rtentry$$00000009)
    __rt_entry_main                          0x080002ab   Thumb Code     0  __rtentry2.o(.ARM.Collect$$rtentry$$0000000D)
    __rt_entry_postli_1                      0x080002ab   Thumb Code     0  __rtentry2.o(.ARM.Collect$$rtentry$$0000000C)
    __rt_exit                                0x080002b3   Thumb Code     0  rtexit.o(.ARM.Collect$$rtexit$$00000000)
    __rt_exit_ls                             0x080002b5   Thumb Code     0  rtexit2.o(.ARM.Collect$$rtexit$$00000003)
    __rt_exit_prels_1                        0x080002b5   Thumb Code     0  rtexit2.o(.ARM.Collect$$rtexit$$00000002)
    __rt_exit_exit                           0x080002b9   Thumb Code     0  rtexit2.o(.ARM.Collect$$rtexit$$00000004)
    SVC_Handler                              0x080002c1   Thumb Code    28  port.o(.emb_text)
    __asm___6_port_c_39a90d8d__prvStartFirstTask 0x080002e1   Thumb Code    36  port.o(.emb_text)
    __asm___6_port_c_39a90d8d__prvEnableVFP  0x08000309   Thumb Code    16  port.o(.emb_text)
    PendSV_Handler                           0x0800031d   Thumb Code    88  port.o(.emb_text)
    vPortGetIPSR                             0x08000379   Thumb Code     6  port.o(.emb_text)
    Reset_Handler                            0x08000381   Thumb Code     8  startup_stm32g431xx.o(.text)
    ADC1_2_IRQHandler                        0x0800039b   Thumb Code     0  startup_stm32g431xx.o(.text)
    COMP1_2_3_IRQHandler                     0x0800039b   Thumb Code     0  startup_stm32g431xx.o(.text)
    COMP4_IRQHandler                         0x0800039b   Thumb Code     0  startup_stm32g431xx.o(.text)
    CORDIC_IRQHandler                        0x0800039b   Thumb Code     0  startup_stm32g431xx.o(.text)
    CRS_IRQHandler                           0x0800039b   Thumb Code     0  startup_stm32g431xx.o(.text)
    DMA1_Channel1_IRQHandler                 0x0800039b   Thumb Code     0  startup_stm32g431xx.o(.text)
    DMA1_Channel2_IRQHandler                 0x0800039b   Thumb Code     0  startup_stm32g431xx.o(.text)
    DMA1_Channel3_IRQHandler                 0x0800039b   Thumb Code     0  startup_stm32g431xx.o(.text)
    DMA1_Channel4_IRQHandler                 0x0800039b   Thumb Code     0  startup_stm32g431xx.o(.text)
    DMA1_Channel5_IRQHandler                 0x0800039b   Thumb Code     0  startup_stm32g431xx.o(.text)
    DMA1_Channel6_IRQHandler                 0x0800039b   Thumb Code     0  startup_stm32g431xx.o(.text)
    DMA2_Channel1_IRQHandler                 0x0800039b   Thumb Code     0  startup_stm32g431xx.o(.text)
    DMA2_Channel2_IRQHandler                 0x0800039b   Thumb Code     0  startup_stm32g431xx.o(.text)
    DMA2_Channel3_IRQHandler                 0x0800039b   Thumb Code     0  startup_stm32g431xx.o(.text)
    DMA2_Channel4_IRQHandler                 0x0800039b   Thumb Code     0  startup_stm32g431xx.o(.text)
    DMA2_Channel5_IRQHandler                 0x0800039b   Thumb Code     0  startup_stm32g431xx.o(.text)
    DMA2_Channel6_IRQHandler                 0x0800039b   Thumb Code     0  startup_stm32g431xx.o(.text)
    DMAMUX_OVR_IRQHandler                    0x0800039b   Thumb Code     0  startup_stm32g431xx.o(.text)
    EXTI0_IRQHandler                         0x0800039b   Thumb Code     0  startup_stm32g431xx.o(.text)
    EXTI15_10_IRQHandler                     0x0800039b   Thumb Code     0  startup_stm32g431xx.o(.text)
    EXTI1_IRQHandler                         0x0800039b   Thumb Code     0  startup_stm32g431xx.o(.text)
    EXTI2_IRQHandler                         0x0800039b   Thumb Code     0  startup_stm32g431xx.o(.text)
    EXTI3_IRQHandler                         0x0800039b   Thumb Code     0  startup_stm32g431xx.o(.text)
    EXTI4_IRQHandler                         0x0800039b   Thumb Code     0  startup_stm32g431xx.o(.text)
    EXTI9_5_IRQHandler                       0x0800039b   Thumb Code     0  startup_stm32g431xx.o(.text)
    FDCAN1_IT0_IRQHandler                    0x0800039b   Thumb Code     0  startup_stm32g431xx.o(.text)
    FDCAN1_IT1_IRQHandler                    0x0800039b   Thumb Code     0  startup_stm32g431xx.o(.text)
    FLASH_IRQHandler                         0x0800039b   Thumb Code     0  startup_stm32g431xx.o(.text)
    FMAC_IRQHandler                          0x0800039b   Thumb Code     0  startup_stm32g431xx.o(.text)
    FPU_IRQHandler                           0x0800039b   Thumb Code     0  startup_stm32g431xx.o(.text)
    I2C1_ER_IRQHandler                       0x0800039b   Thumb Code     0  startup_stm32g431xx.o(.text)
    I2C1_EV_IRQHandler                       0x0800039b   Thumb Code     0  startup_stm32g431xx.o(.text)
    I2C2_ER_IRQHandler                       0x0800039b   Thumb Code     0  startup_stm32g431xx.o(.text)
    I2C2_EV_IRQHandler                       0x0800039b   Thumb Code     0  startup_stm32g431xx.o(.text)
    I2C3_ER_IRQHandler                       0x0800039b   Thumb Code     0  startup_stm32g431xx.o(.text)
    I2C3_EV_IRQHandler                       0x0800039b   Thumb Code     0  startup_stm32g431xx.o(.text)
    LPTIM1_IRQHandler                        0x0800039b   Thumb Code     0  startup_stm32g431xx.o(.text)
    LPUART1_IRQHandler                       0x0800039b   Thumb Code     0  startup_stm32g431xx.o(.text)
    PVD_PVM_IRQHandler                       0x0800039b   Thumb Code     0  startup_stm32g431xx.o(.text)
    RCC_IRQHandler                           0x0800039b   Thumb Code     0  startup_stm32g431xx.o(.text)
    RNG_IRQHandler                           0x0800039b   Thumb Code     0  startup_stm32g431xx.o(.text)
    RTC_Alarm_IRQHandler                     0x0800039b   Thumb Code     0  startup_stm32g431xx.o(.text)
    RTC_TAMP_LSECSS_IRQHandler               0x0800039b   Thumb Code     0  startup_stm32g431xx.o(.text)
    RTC_WKUP_IRQHandler                      0x0800039b   Thumb Code     0  startup_stm32g431xx.o(.text)
    SAI1_IRQHandler                          0x0800039b   Thumb Code     0  startup_stm32g431xx.o(.text)
    SPI1_IRQHandler                          0x0800039b   Thumb Code     0  startup_stm32g431xx.o(.text)
    SPI2_IRQHandler                          0x0800039b   Thumb Code     0  startup_stm32g431xx.o(.text)
    SPI3_IRQHandler                          0x0800039b   Thumb Code     0  startup_stm32g431xx.o(.text)
    TIM1_BRK_TIM15_IRQHandler                0x0800039b   Thumb Code     0  startup_stm32g431xx.o(.text)
    TIM1_CC_IRQHandler                       0x0800039b   Thumb Code     0  startup_stm32g431xx.o(.text)
    TIM1_TRG_COM_TIM17_IRQHandler            0x0800039b   Thumb Code     0  startup_stm32g431xx.o(.text)
    TIM1_UP_TIM16_IRQHandler                 0x0800039b   Thumb Code     0  startup_stm32g431xx.o(.text)
    TIM4_IRQHandler                          0x0800039b   Thumb Code     0  startup_stm32g431xx.o(.text)
    TIM6_DAC_IRQHandler                      0x0800039b   Thumb Code     0  startup_stm32g431xx.o(.text)
    TIM7_IRQHandler                          0x0800039b   Thumb Code     0  startup_stm32g431xx.o(.text)
    TIM8_BRK_IRQHandler                      0x0800039b   Thumb Code     0  startup_stm32g431xx.o(.text)
    TIM8_CC_IRQHandler                       0x0800039b   Thumb Code     0  startup_stm32g431xx.o(.text)
    TIM8_TRG_COM_IRQHandler                  0x0800039b   Thumb Code     0  startup_stm32g431xx.o(.text)
    TIM8_UP_IRQHandler                       0x0800039b   Thumb Code     0  startup_stm32g431xx.o(.text)
    UART4_IRQHandler                         0x0800039b   Thumb Code     0  startup_stm32g431xx.o(.text)
    UCPD1_IRQHandler                         0x0800039b   Thumb Code     0  startup_stm32g431xx.o(.text)
    USART1_IRQHandler                        0x0800039b   Thumb Code     0  startup_stm32g431xx.o(.text)
    USART2_IRQHandler                        0x0800039b   Thumb Code     0  startup_stm32g431xx.o(.text)
    USART3_IRQHandler                        0x0800039b   Thumb Code     0  startup_stm32g431xx.o(.text)
    USBWakeUp_IRQHandler                     0x0800039b   Thumb Code     0  startup_stm32g431xx.o(.text)
    USB_HP_IRQHandler                        0x0800039b   Thumb Code     0  startup_stm32g431xx.o(.text)
    USB_LP_IRQHandler                        0x0800039b   Thumb Code     0  startup_stm32g431xx.o(.text)
    WWDG_IRQHandler                          0x0800039b   Thumb Code     0  startup_stm32g431xx.o(.text)
    __user_initial_stackheap                 0x0800039d   Thumb Code     0  startup_stm32g431xx.o(.text)
    __aeabi_memcpy4                          0x080003c1   Thumb Code     0  rt_memcpy_w.o(.text)
    __aeabi_memcpy8                          0x080003c1   Thumb Code     0  rt_memcpy_w.o(.text)
    __rt_memcpy_w                            0x080003c1   Thumb Code   100  rt_memcpy_w.o(.text)
    _memcpy_lastbytes_aligned                0x08000409   Thumb Code     0  rt_memcpy_w.o(.text)
    __aeabi_memclr4                          0x08000425   Thumb Code     0  rt_memclr_w.o(.text)
    __aeabi_memclr8                          0x08000425   Thumb Code     0  rt_memclr_w.o(.text)
    __rt_memclr_w                            0x08000425   Thumb Code    78  rt_memclr_w.o(.text)
    _memset_w                                0x08000429   Thumb Code     0  rt_memclr_w.o(.text)
    __use_two_region_memory                  0x08000473   Thumb Code     2  heapauxi.o(.text)
    __rt_heap_escrow                         0x08000475   Thumb Code     2  heapauxi.o(.text)
    __rt_heap_expand                         0x08000477   Thumb Code     2  heapauxi.o(.text)
    __user_libspace                          0x08000479   Thumb Code     8  libspace.o(.text)
    __user_perproc_libspace                  0x08000479   Thumb Code     0  libspace.o(.text)
    __user_perthread_libspace                0x08000479   Thumb Code     0  libspace.o(.text)
    __I$use$semihosting                      0x08000481   Thumb Code     0  use_no_semi.o(.text)
    __use_no_semihosting_swi                 0x08000481   Thumb Code     2  use_no_semi.o(.text)
    __semihosting_library_function           0x08000483   Thumb Code     0  indicate_semi.o(.text)
    __user_setup_stackheap                   0x08000483   Thumb Code    74  sys_stackheap_outer.o(.text)
    exit                                     0x080004cd   Thumb Code    18  exit.o(.text)
    _sys_exit                                0x080004e1   Thumb Code     8  sys_exit.o(.text)
    AD7606B_Init                             0x080004ed   Thumb Code   244  ad7606b.o(i.AD7606B_Init)
    AD7606B_Read_AD_Data                     0x080005e9   Thumb Code    62  ad7606b.o(i.AD7606B_Read_AD_Data)
    AD7606B_Read_Reg                         0x08000631   Thumb Code    54  ad7606b.o(i.AD7606B_Read_Reg)
    AD7606B_Start_Convst                     0x0800066d   Thumb Code    24  ad7606b.o(i.AD7606B_Start_Convst)
    AD7606B_Write_Reg                        0x08000689   Thumb Code    42  ad7606b.o(i.AD7606B_Write_Reg)
    BusFault_Handler                         0x080006b9   Thumb Code     4  stm32g4xx_it.o(i.BusFault_Handler)
    DWT_Init                                 0x080006bd   Thumb Code    74  bsp_dwt.o(i.DWT_Init)
    DebugMon_Handler                         0x08000725   Thumb Code     2  stm32g4xx_it.o(i.DebugMon_Handler)
    Error_Handler                            0x08000727   Thumb Code     6  main.o(i.Error_Handler)
    HAL_Delay                                0x0800072d   Thumb Code    36  stm32g4xx_hal.o(i.HAL_Delay)
    HAL_GPIO_Init                            0x08000755   Thumb Code   428  stm32g4xx_hal_gpio.o(i.HAL_GPIO_Init)
    HAL_GPIO_ReadPin                         0x08000921   Thumb Code    16  stm32g4xx_hal_gpio.o(i.HAL_GPIO_ReadPin)
    HAL_GPIO_WritePin                        0x08000931   Thumb Code    10  stm32g4xx_hal_gpio.o(i.HAL_GPIO_WritePin)
    HAL_GetTick                              0x0800093d   Thumb Code     6  stm32g4xx_hal.o(i.HAL_GetTick)
    HAL_IncTick                              0x08000949   Thumb Code    16  stm32g4xx_hal.o(i.HAL_IncTick)
    HAL_Init                                 0x08000961   Thumb Code    30  stm32g4xx_hal.o(i.HAL_Init)
    HAL_InitTick                             0x08000981   Thumb Code    74  stm32g4xx_hal.o(i.HAL_InitTick)
    HAL_MspInit                              0x080009d9   Thumb Code    72  stm32g4xx_hal_msp.o(i.HAL_MspInit)
    HAL_NVIC_EnableIRQ                       0x08000a25   Thumb Code    40  stm32g4xx_hal_cortex.o(i.HAL_NVIC_EnableIRQ)
    HAL_NVIC_SetPriority                     0x08000a4d   Thumb Code   122  stm32g4xx_hal_cortex.o(i.HAL_NVIC_SetPriority)
    HAL_NVIC_SetPriorityGrouping             0x08000ac9   Thumb Code    32  stm32g4xx_hal_cortex.o(i.HAL_NVIC_SetPriorityGrouping)
    HAL_PWREx_ControlVoltageScaling          0x08000af1   Thumb Code   268  stm32g4xx_hal_pwr_ex.o(i.HAL_PWREx_ControlVoltageScaling)
    HAL_PWREx_DisableUCPDDeadBattery         0x08000c09   Thumb Code    14  stm32g4xx_hal_pwr_ex.o(i.HAL_PWREx_DisableUCPDDeadBattery)
    HAL_RCC_ClockConfig                      0x08000c1d   Thumb Code   522  stm32g4xx_hal_rcc.o(i.HAL_RCC_ClockConfig)
    HAL_RCC_GetSysClockFreq                  0x08000e41   Thumb Code   138  stm32g4xx_hal_rcc.o(i.HAL_RCC_GetSysClockFreq)
    HAL_RCC_OscConfig                        0x08000ed9   Thumb Code  1360  stm32g4xx_hal_rcc.o(i.HAL_RCC_OscConfig)
    HAL_SYSTICK_Config                       0x08001435   Thumb Code    52  stm32g4xx_hal_cortex.o(i.HAL_SYSTICK_Config)
    HAL_TIMEx_Break2Callback                 0x08001469   Thumb Code     2  stm32g4xx_hal_tim_ex.o(i.HAL_TIMEx_Break2Callback)
    HAL_TIMEx_BreakCallback                  0x0800146b   Thumb Code     2  stm32g4xx_hal_tim_ex.o(i.HAL_TIMEx_BreakCallback)
    HAL_TIMEx_CommutCallback                 0x0800146d   Thumb Code     2  stm32g4xx_hal_tim_ex.o(i.HAL_TIMEx_CommutCallback)
    HAL_TIMEx_DirectionChangeCallback        0x0800146f   Thumb Code     2  stm32g4xx_hal_tim_ex.o(i.HAL_TIMEx_DirectionChangeCallback)
    HAL_TIMEx_EncoderIndexCallback           0x08001471   Thumb Code     2  stm32g4xx_hal_tim_ex.o(i.HAL_TIMEx_EncoderIndexCallback)
    HAL_TIMEx_IndexErrorCallback             0x08001473   Thumb Code     2  stm32g4xx_hal_tim_ex.o(i.HAL_TIMEx_IndexErrorCallback)
    HAL_TIMEx_MasterConfigSynchronization    0x08001475   Thumb Code   158  stm32g4xx_hal_tim_ex.o(i.HAL_TIMEx_MasterConfigSynchronization)
    HAL_TIMEx_TransitionErrorCallback        0x0800152d   Thumb Code     2  stm32g4xx_hal_tim_ex.o(i.HAL_TIMEx_TransitionErrorCallback)
    HAL_TIM_Base_Init                        0x0800152f   Thumb Code   110  stm32g4xx_hal_tim.o(i.HAL_TIM_Base_Init)
    HAL_TIM_Base_MspInit                     0x0800159d   Thumb Code   112  tim.o(i.HAL_TIM_Base_MspInit)
    HAL_TIM_ConfigClockSource                0x08001615   Thumb Code   300  stm32g4xx_hal_tim.o(i.HAL_TIM_ConfigClockSource)
    HAL_TIM_IC_CaptureCallback               0x08001749   Thumb Code     2  stm32g4xx_hal_tim.o(i.HAL_TIM_IC_CaptureCallback)
    HAL_TIM_IRQHandler                       0x0800174b   Thumb Code   544  stm32g4xx_hal_tim.o(i.HAL_TIM_IRQHandler)
    HAL_TIM_MspPostInit                      0x0800196d   Thumb Code   254  tim.o(i.HAL_TIM_MspPostInit)
    HAL_TIM_OC_DelayElapsedCallback          0x08001a79   Thumb Code     2  stm32g4xx_hal_tim.o(i.HAL_TIM_OC_DelayElapsedCallback)
    HAL_TIM_PWM_ConfigChannel                0x08001a7b   Thumb Code   368  stm32g4xx_hal_tim.o(i.HAL_TIM_PWM_ConfigChannel)
    HAL_TIM_PWM_Init                         0x08001beb   Thumb Code   110  stm32g4xx_hal_tim.o(i.HAL_TIM_PWM_Init)
    HAL_TIM_PWM_MspInit                      0x08001c59   Thumb Code     2  stm32g4xx_hal_tim.o(i.HAL_TIM_PWM_MspInit)
    HAL_TIM_PWM_PulseFinishedCallback        0x08001c5b   Thumb Code     2  stm32g4xx_hal_tim.o(i.HAL_TIM_PWM_PulseFinishedCallback)
    HAL_TIM_PWM_Start_IT                     0x08001c5d   Thumb Code   384  stm32g4xx_hal_tim.o(i.HAL_TIM_PWM_Start_IT)
    HAL_TIM_PeriodElapsedCallback            0x08001dfd   Thumb Code     2  stm32g4xx_hal_tim.o(i.HAL_TIM_PeriodElapsedCallback)
    HAL_TIM_TriggerCallback                  0x08001dff   Thumb Code     2  stm32g4xx_hal_tim.o(i.HAL_TIM_TriggerCallback)
    HardFault_Handler                        0x08001e01   Thumb Code     4  stm32g4xx_it.o(i.HardFault_Handler)
    MX_FREERTOS_Init                         0x08001e05   Thumb Code    78  app_freertos.o(i.MX_FREERTOS_Init)
    MX_GPIO_Init                             0x08001e65   Thumb Code   110  gpio.o(i.MX_GPIO_Init)
    MX_TIM2_Init                             0x08001ed9   Thumb Code   222  tim.o(i.MX_TIM2_Init)
    MX_TIM3_Init                             0x08001fbd   Thumb Code   212  tim.o(i.MX_TIM3_Init)
    MemManage_Handler                        0x08002099   Thumb Code     4  stm32g4xx_it.o(i.MemManage_Handler)
    NMI_Handler                              0x0800209d   Thumb Code     4  stm32g4xx_it.o(i.NMI_Handler)
    PID_calc                                 0x080020a1   Thumb Code   492  pid.o(i.PID_calc)
    PID_init                                 0x08002291   Thumb Code    92  pid.o(i.PID_init)
    StartDefaultTask                         0x08002359   Thumb Code    10  app_freertos.o(i.StartDefaultTask)
    SysTick_Handler                          0x08002363   Thumb Code    20  stm32g4xx_it.o(i.SysTick_Handler)
    SystemClock_Config                       0x08002377   Thumb Code   110  main.o(i.SystemClock_Config)
    SystemInit                               0x080023e5   Thumb Code    14  system_stm32g4xx.o(i.SystemInit)
    TIM2_IRQHandler                          0x080023f9   Thumb Code    10  stm32g4xx_it.o(i.TIM2_IRQHandler)
    TIM3_IRQHandler                          0x08002409   Thumb Code   260  bsp_pwm.o(i.TIM3_IRQHandler)
    TIM_Base_SetConfig                       0x08002521   Thumb Code   174  stm32g4xx_hal_tim.o(i.TIM_Base_SetConfig)
    TIM_CCxChannelCmd                        0x080025ed   Thumb Code    34  stm32g4xx_hal_tim.o(i.TIM_CCxChannelCmd)
    TIM_ETR_SetConfig                        0x0800260f   Thumb Code    22  stm32g4xx_hal_tim.o(i.TIM_ETR_SetConfig)
    TIM_OC2_SetConfig                        0x080026e9   Thumb Code   156  stm32g4xx_hal_tim.o(i.TIM_OC2_SetConfig)
    UsageFault_Handler                       0x08002a33   Thumb Code     4  stm32g4xx_it.o(i.UsageFault_Handler)
    adc_Task                                 0x08002a71   Thumb Code   134  adc_task.o(i.adc_Task)
    first_order_filter_cali                  0x08002e41   Thumb Code    84  user_lib.o(i.first_order_filter_cali)
    first_order_filter_init                  0x08002e95   Thumb Code    32  user_lib.o(i.first_order_filter_init)
    loop_int_constrain                       0x08002eb9   Thumb Code    44  bsp_pwm.o(i.loop_int_constrain)
    main                                     0x08002ee5   Thumb Code   106  main.o(i.main)
    main_control_Task                        0x08002f59   Thumb Code    34  main_control_task.o(i.main_control_Task)
    osDelay                                  0x08002f8f   Thumb Code    24  cmsis_os.o(i.osDelay)
    osKernelStart                            0x08002fa7   Thumb Code    10  cmsis_os.o(i.osKernelStart)
    osThreadCreate                           0x08002fb1   Thumb Code    48  cmsis_os.o(i.osThreadCreate)
    pvPortMalloc                             0x08003425   Thumb Code   306  heap_4.o(i.pvPortMalloc)
    pxPortInitialiseStack                    0x08003571   Thumb Code    38  port.o(i.pxPortInitialiseStack)
    spi1_init                                0x0800359d   Thumb Code    82  bsp_spi.o(i.spi1_init)
    spi1_read_write_16bit                    0x080035f9   Thumb Code   106  bsp_spi.o(i.spi1_read_write_16bit)
    uxListRemove                             0x08003669   Thumb Code    40  list.o(i.uxListRemove)
    vListInitialise                          0x08003691   Thumb Code    26  list.o(i.vListInitialise)
    vListInitialiseItem                      0x080036ab   Thumb Code     6  list.o(i.vListInitialiseItem)
    vListInsert                              0x080036b1   Thumb Code    52  list.o(i.vListInsert)
    vListInsertEnd                           0x080036e5   Thumb Code    24  list.o(i.vListInsertEnd)
    vPortEnterCritical                       0x080036fd   Thumb Code    76  port.o(i.vPortEnterCritical)
    vPortExitCritical                        0x08003751   Thumb Code    56  port.o(i.vPortExitCritical)
    vPortFree                                0x0800378d   Thumb Code   150  heap_4.o(i.vPortFree)
    vPortSetupTimerInterrupt                 0x08003831   Thumb Code    36  port.o(i.vPortSetupTimerInterrupt)
    vTaskDelay                               0x08003859   Thumb Code    82  tasks.o(i.vTaskDelay)
    vTaskStartScheduler                      0x080038b5   Thumb Code   108  tasks.o(i.vTaskStartScheduler)
    vTaskSuspendAll                          0x0800393d   Thumb Code    12  tasks.o(i.vTaskSuspendAll)
    vTaskSwitchContext                       0x0800394d   Thumb Code   118  tasks.o(i.vTaskSwitchContext)
    xPortStartScheduler                      0x080039d9   Thumb Code   330  port.o(i.xPortStartScheduler)
    xPortSysTickHandler                      0x08003b41   Thumb Code    46  port.o(i.xPortSysTickHandler)
    xTaskCreate                              0x08003b75   Thumb Code    96  tasks.o(i.xTaskCreate)
    xTaskGetSchedulerState                   0x08003bd5   Thumb Code    24  tasks.o(i.xTaskGetSchedulerState)
    xTaskIncrementTick                       0x08003bf5   Thumb Code   282  tasks.o(i.xTaskIncrementTick)
    xTaskResumeAll                           0x08003d3d   Thumb Code   224  tasks.o(i.xTaskResumeAll)
    _fp_init                                 0x08003e41   Thumb Code    10  fpinit.o(x$fpl$fpinit)
    __fplib_config_fpu_vfp                   0x08003e49   Thumb Code     0  fpinit.o(x$fpl$fpinit)
    __fplib_config_pureend_doubles           0x08003e49   Thumb Code     0  fpinit.o(x$fpl$fpinit)
    AHBPrescTable                            0x08003e88   Data          16  system_stm32g4xx.o(.constdata)
    APBPrescTable                            0x08003e98   Data           8  system_stm32g4xx.o(.constdata)
    Region$$Table$$Base                      0x08003ef0   Number         0  anon$$obj.o(Region$$Table)
    Region$$Table$$Limit                     0x08003f10   Number         0  anon$$obj.o(Region$$Table)
    defaultTaskHandle                        0x20000000   Data           4  app_freertos.o(.data)
    maincontrolTaskHandle                    0x20000004   Data           4  app_freertos.o(.data)
    adcTaskHandle                            0x20000008   Data           4  app_freertos.o(.data)
    uwTick                                   0x2000000c   Data           4  stm32g4xx_hal.o(.data)
    uwTickPrio                               0x20000010   Data           4  stm32g4xx_hal.o(.data)
    uwTickFreq                               0x20000014   Data           4  stm32g4xx_hal.o(.data)
    SystemCoreClock                          0x20000018   Data           4  system_stm32g4xx.o(.data)
    pxCurrentTCB                             0x2000001c   Data           4  tasks.o(.data)
    pid_output1                              0x20000084   Data           4  main_control_task.o(.data)
    pid_output2                              0x20000088   Data           4  main_control_task.o(.data)
    sin_value                                0x2000008c   Data        4000  bsp_pwm.o(.data)
    sin_value_100                            0x2000102c   Data         400  bsp_pwm.o(.data)
    SysTime                                  0x200011c0   Data           8  bsp_dwt.o(.data)
    CYCCNT64                                 0x200011e0   Data           8  bsp_dwt.o(.data)
    htim2                                    0x20001200   Data          76  tim.o(.bss)
    htim3                                    0x2000124c   Data          76  tim.o(.bss)
    control_converter                        0x20001f88   Data         376  main_control_task.o(.bss)
    __libspace_start                         0x20002100   Data          96  libspace.o(.bss)
    __temporary_stack_top$libspace           0x20002160   Data           0  libspace.o(.bss)



==============================================================================

Memory Map of the image

  Image Entry point : 0x080001d9

  Load Region LR_IROM1 (Base: 0x08000000, Size: 0x00005110, Max: 0x00020000, ABSOLUTE, COMPRESSED[0x00004610])

    Execution Region ER_IROM1 (Exec base: 0x08000000, Load base: 0x08000000, Size: 0x00003f10, Max: 0x00020000, ABSOLUTE)

    Exec Addr    Load Addr    Size         Type   Attr      Idx    E Section Name        Object

    0x08000000   0x08000000   0x000001d8   Data   RO            3    RESET               startup_stm32g431xx.o
    0x080001d8   0x080001d8   0x00000008   Code   RO         5305  * !!!main             c_w.l(__main.o)
    0x080001e0   0x080001e0   0x00000034   Code   RO         5588    !!!scatter          c_w.l(__scatter.o)
    0x08000214   0x08000214   0x00000064   Code   RO         5586    !!dclz77c           c_w.l(__dclz77c.o)
    0x08000278   0x08000278   0x0000001c   Code   RO         5590    !!handler_zi        c_w.l(__scatter_zi.o)
    0x08000294   0x08000294   0x00000002   Code   RO         5525    .ARM.Collect$$libinit$$00000000  c_w.l(libinit.o)
    0x08000296   0x08000296   0x00000004   Code   RO         5391    .ARM.Collect$$libinit$$00000001  c_w.l(libinit2.o)
    0x0800029a   0x0800029a   0x00000000   Code   RO         5394    .ARM.Collect$$libinit$$00000004  c_w.l(libinit2.o)
    0x0800029a   0x0800029a   0x00000000   Code   RO         5397    .ARM.Collect$$libinit$$0000000A  c_w.l(libinit2.o)
    0x0800029a   0x0800029a   0x00000000   Code   RO         5399    .ARM.Collect$$libinit$$0000000C  c_w.l(libinit2.o)
    0x0800029a   0x0800029a   0x00000000   Code   RO         5401    .ARM.Collect$$libinit$$0000000E  c_w.l(libinit2.o)
    0x0800029a   0x0800029a   0x00000000   Code   RO         5404    .ARM.Collect$$libinit$$00000011  c_w.l(libinit2.o)
    0x0800029a   0x0800029a   0x00000000   Code   RO         5406    .ARM.Collect$$libinit$$00000013  c_w.l(libinit2.o)
    0x0800029a   0x0800029a   0x00000000   Code   RO         5408    .ARM.Collect$$libinit$$00000015  c_w.l(libinit2.o)
    0x0800029a   0x0800029a   0x00000000   Code   RO         5410    .ARM.Collect$$libinit$$00000017  c_w.l(libinit2.o)
    0x0800029a   0x0800029a   0x00000000   Code   RO         5412    .ARM.Collect$$libinit$$00000019  c_w.l(libinit2.o)
    0x0800029a   0x0800029a   0x00000000   Code   RO         5414    .ARM.Collect$$libinit$$0000001B  c_w.l(libinit2.o)
    0x0800029a   0x0800029a   0x00000000   Code   RO         5416    .ARM.Collect$$libinit$$0000001D  c_w.l(libinit2.o)
    0x0800029a   0x0800029a   0x00000000   Code   RO         5418    .ARM.Collect$$libinit$$0000001F  c_w.l(libinit2.o)
    0x0800029a   0x0800029a   0x00000000   Code   RO         5420    .ARM.Collect$$libinit$$00000021  c_w.l(libinit2.o)
    0x0800029a   0x0800029a   0x00000000   Code   RO         5422    .ARM.Collect$$libinit$$00000023  c_w.l(libinit2.o)
    0x0800029a   0x0800029a   0x00000000   Code   RO         5424    .ARM.Collect$$libinit$$00000025  c_w.l(libinit2.o)
    0x0800029a   0x0800029a   0x00000000   Code   RO         5428    .ARM.Collect$$libinit$$0000002C  c_w.l(libinit2.o)
    0x0800029a   0x0800029a   0x00000000   Code   RO         5430    .ARM.Collect$$libinit$$0000002E  c_w.l(libinit2.o)
    0x0800029a   0x0800029a   0x00000000   Code   RO         5432    .ARM.Collect$$libinit$$00000030  c_w.l(libinit2.o)
    0x0800029a   0x0800029a   0x00000000   Code   RO         5434    .ARM.Collect$$libinit$$00000032  c_w.l(libinit2.o)
    0x0800029a   0x0800029a   0x00000002   Code   RO         5435    .ARM.Collect$$libinit$$00000033  c_w.l(libinit2.o)
    0x0800029c   0x0800029c   0x00000002   Code   RO         5583    .ARM.Collect$$libshutdown$$00000000  c_w.l(libshutdown.o)
    0x0800029e   0x0800029e   0x00000000   Code   RO         5541    .ARM.Collect$$libshutdown$$00000002  c_w.l(libshutdown2.o)
    0x0800029e   0x0800029e   0x00000000   Code   RO         5543    .ARM.Collect$$libshutdown$$00000004  c_w.l(libshutdown2.o)
    0x0800029e   0x0800029e   0x00000000   Code   RO         5546    .ARM.Collect$$libshutdown$$00000007  c_w.l(libshutdown2.o)
    0x0800029e   0x0800029e   0x00000000   Code   RO         5549    .ARM.Collect$$libshutdown$$0000000A  c_w.l(libshutdown2.o)
    0x0800029e   0x0800029e   0x00000000   Code   RO         5551    .ARM.Collect$$libshutdown$$0000000C  c_w.l(libshutdown2.o)
    0x0800029e   0x0800029e   0x00000000   Code   RO         5554    .ARM.Collect$$libshutdown$$0000000F  c_w.l(libshutdown2.o)
    0x0800029e   0x0800029e   0x00000002   Code   RO         5555    .ARM.Collect$$libshutdown$$00000010  c_w.l(libshutdown2.o)
    0x080002a0   0x080002a0   0x00000000   Code   RO         5351    .ARM.Collect$$rtentry$$00000000  c_w.l(__rtentry.o)
    0x080002a0   0x080002a0   0x00000000   Code   RO         5455    .ARM.Collect$$rtentry$$00000002  c_w.l(__rtentry2.o)
    0x080002a0   0x080002a0   0x00000006   Code   RO         5467    .ARM.Collect$$rtentry$$00000004  c_w.l(__rtentry4.o)
    0x080002a6   0x080002a6   0x00000000   Code   RO         5457    .ARM.Collect$$rtentry$$00000009  c_w.l(__rtentry2.o)
    0x080002a6   0x080002a6   0x00000004   Code   RO         5458    .ARM.Collect$$rtentry$$0000000A  c_w.l(__rtentry2.o)
    0x080002aa   0x080002aa   0x00000000   Code   RO         5460    .ARM.Collect$$rtentry$$0000000C  c_w.l(__rtentry2.o)
    0x080002aa   0x080002aa   0x00000008   Code   RO         5461    .ARM.Collect$$rtentry$$0000000D  c_w.l(__rtentry2.o)
    0x080002b2   0x080002b2   0x00000002   Code   RO         5528    .ARM.Collect$$rtexit$$00000000  c_w.l(rtexit.o)
    0x080002b4   0x080002b4   0x00000000   Code   RO         5559    .ARM.Collect$$rtexit$$00000002  c_w.l(rtexit2.o)
    0x080002b4   0x080002b4   0x00000004   Code   RO         5560    .ARM.Collect$$rtexit$$00000003  c_w.l(rtexit2.o)
    0x080002b8   0x080002b8   0x00000006   Code   RO         5561    .ARM.Collect$$rtexit$$00000004  c_w.l(rtexit2.o)
    0x080002be   0x080002be   0x00000002   PAD
    0x080002c0   0x080002c0   0x000000be   Code   RO         4406    .emb_text           port.o
    0x0800037e   0x0800037e   0x00000002   PAD
    0x08000380   0x08000380   0x00000040   Code   RO            4    .text               startup_stm32g431xx.o
    0x080003c0   0x080003c0   0x00000064   Code   RO         5295    .text               c_w.l(rt_memcpy_w.o)
    0x08000424   0x08000424   0x0000004e   Code   RO         5301    .text               c_w.l(rt_memclr_w.o)
    0x08000472   0x08000472   0x00000006   Code   RO         5303    .text               c_w.l(heapauxi.o)
    0x08000478   0x08000478   0x00000008   Code   RO         5451    .text               c_w.l(libspace.o)
    0x08000480   0x08000480   0x00000002   Code   RO         5497    .text               c_w.l(use_no_semi.o)
    0x08000482   0x08000482   0x00000000   Code   RO         5499    .text               c_w.l(indicate_semi.o)
    0x08000482   0x08000482   0x0000004a   Code   RO         5500    .text               c_w.l(sys_stackheap_outer.o)
    0x080004cc   0x080004cc   0x00000012   Code   RO         5506    .text               c_w.l(exit.o)
    0x080004de   0x080004de   0x00000002   PAD
    0x080004e0   0x080004e0   0x0000000c   Code   RO         5526    .text               c_w.l(sys_exit.o)
    0x080004ec   0x080004ec   0x000000fc   Code   RO         5181    i.AD7606B_Init      ad7606b.o
    0x080005e8   0x080005e8   0x00000048   Code   RO         5182    i.AD7606B_Read_AD_Data  ad7606b.o
    0x08000630   0x08000630   0x0000003c   Code   RO         5183    i.AD7606B_Read_Reg  ad7606b.o
    0x0800066c   0x0800066c   0x0000001c   Code   RO         5184    i.AD7606B_Start_Convst  ad7606b.o
    0x08000688   0x08000688   0x00000030   Code   RO         5185    i.AD7606B_Write_Reg  ad7606b.o
    0x080006b8   0x080006b8   0x00000004   Code   RO          341    i.BusFault_Handler  stm32g4xx_it.o
    0x080006bc   0x080006bc   0x00000068   Code   RO         4624    i.DWT_Init          bsp_dwt.o
    0x08000724   0x08000724   0x00000002   Code   RO          342    i.DebugMon_Handler  stm32g4xx_it.o
    0x08000726   0x08000726   0x00000006   Code   RO           13    i.Error_Handler     main.o
    0x0800072c   0x0800072c   0x00000028   Code   RO          442    i.HAL_Delay         stm32g4xx_hal.o
    0x08000754   0x08000754   0x000001cc   Code   RO         1211    i.HAL_GPIO_Init     stm32g4xx_hal_gpio.o
    0x08000920   0x08000920   0x00000010   Code   RO         1213    i.HAL_GPIO_ReadPin  stm32g4xx_hal_gpio.o
    0x08000930   0x08000930   0x0000000a   Code   RO         1215    i.HAL_GPIO_WritePin  stm32g4xx_hal_gpio.o
    0x0800093a   0x0800093a   0x00000002   PAD
    0x0800093c   0x0800093c   0x0000000c   Code   RO          446    i.HAL_GetTick       stm32g4xx_hal.o
    0x08000948   0x08000948   0x00000018   Code   RO          452    i.HAL_IncTick       stm32g4xx_hal.o
    0x08000960   0x08000960   0x0000001e   Code   RO          453    i.HAL_Init          stm32g4xx_hal.o
    0x0800097e   0x0800097e   0x00000002   PAD
    0x08000980   0x08000980   0x00000058   Code   RO          454    i.HAL_InitTick      stm32g4xx_hal.o
    0x080009d8   0x080009d8   0x0000004c   Code   RO          411    i.HAL_MspInit       stm32g4xx_hal_msp.o
    0x08000a24   0x08000a24   0x00000028   Code   RO         1860    i.HAL_NVIC_EnableIRQ  stm32g4xx_hal_cortex.o
    0x08000a4c   0x08000a4c   0x0000007a   Code   RO         1866    i.HAL_NVIC_SetPriority  stm32g4xx_hal_cortex.o
    0x08000ac6   0x08000ac6   0x00000002   PAD
    0x08000ac8   0x08000ac8   0x00000028   Code   RO         1867    i.HAL_NVIC_SetPriorityGrouping  stm32g4xx_hal_cortex.o
    0x08000af0   0x08000af0   0x00000118   Code   RO         1614    i.HAL_PWREx_ControlVoltageScaling  stm32g4xx_hal_pwr_ex.o
    0x08000c08   0x08000c08   0x00000014   Code   RO         1626    i.HAL_PWREx_DisableUCPDDeadBattery  stm32g4xx_hal_pwr_ex.o
    0x08000c1c   0x08000c1c   0x00000224   Code   RO          688    i.HAL_RCC_ClockConfig  stm32g4xx_hal_rcc.o
    0x08000e40   0x08000e40   0x00000098   Code   RO          698    i.HAL_RCC_GetSysClockFreq  stm32g4xx_hal_rcc.o
    0x08000ed8   0x08000ed8   0x0000055c   Code   RO          701    i.HAL_RCC_OscConfig  stm32g4xx_hal_rcc.o
    0x08001434   0x08001434   0x00000034   Code   RO         1871    i.HAL_SYSTICK_Config  stm32g4xx_hal_cortex.o
    0x08001468   0x08001468   0x00000002   Code   RO         2732    i.HAL_TIMEx_Break2Callback  stm32g4xx_hal_tim_ex.o
    0x0800146a   0x0800146a   0x00000002   Code   RO         2733    i.HAL_TIMEx_BreakCallback  stm32g4xx_hal_tim_ex.o
    0x0800146c   0x0800146c   0x00000002   Code   RO         2734    i.HAL_TIMEx_CommutCallback  stm32g4xx_hal_tim_ex.o
    0x0800146e   0x0800146e   0x00000002   Code   RO         2745    i.HAL_TIMEx_DirectionChangeCallback  stm32g4xx_hal_tim_ex.o
    0x08001470   0x08001470   0x00000002   Code   RO         2759    i.HAL_TIMEx_EncoderIndexCallback  stm32g4xx_hal_tim_ex.o
    0x08001472   0x08001472   0x00000002   Code   RO         2773    i.HAL_TIMEx_IndexErrorCallback  stm32g4xx_hal_tim_ex.o
    0x08001474   0x08001474   0x000000b8   Code   RO         2774    i.HAL_TIMEx_MasterConfigSynchronization  stm32g4xx_hal_tim_ex.o
    0x0800152c   0x0800152c   0x00000002   Code   RO         2795    i.HAL_TIMEx_TransitionErrorCallback  stm32g4xx_hal_tim_ex.o
    0x0800152e   0x0800152e   0x0000006e   Code   RO         2007    i.HAL_TIM_Base_Init  stm32g4xx_hal_tim.o
    0x0800159c   0x0800159c   0x00000078   Code   RO          288    i.HAL_TIM_Base_MspInit  tim.o
    0x08001614   0x08001614   0x00000134   Code   RO         2016    i.HAL_TIM_ConfigClockSource  stm32g4xx_hal_tim.o
    0x08001748   0x08001748   0x00000002   Code   RO         2041    i.HAL_TIM_IC_CaptureCallback  stm32g4xx_hal_tim.o
    0x0800174a   0x0800174a   0x00000220   Code   RO         2055    i.HAL_TIM_IRQHandler  stm32g4xx_hal_tim.o
    0x0800196a   0x0800196a   0x00000002   PAD
    0x0800196c   0x0800196c   0x0000010c   Code   RO          289    i.HAL_TIM_MspPostInit  tim.o
    0x08001a78   0x08001a78   0x00000002   Code   RO         2058    i.HAL_TIM_OC_DelayElapsedCallback  stm32g4xx_hal_tim.o
    0x08001a7a   0x08001a7a   0x00000170   Code   RO         2079    i.HAL_TIM_PWM_ConfigChannel  stm32g4xx_hal_tim.o
    0x08001bea   0x08001bea   0x0000006e   Code   RO         2082    i.HAL_TIM_PWM_Init  stm32g4xx_hal_tim.o
    0x08001c58   0x08001c58   0x00000002   Code   RO         2084    i.HAL_TIM_PWM_MspInit  stm32g4xx_hal_tim.o
    0x08001c5a   0x08001c5a   0x00000002   Code   RO         2085    i.HAL_TIM_PWM_PulseFinishedCallback  stm32g4xx_hal_tim.o
    0x08001c5c   0x08001c5c   0x000001a0   Code   RO         2089    i.HAL_TIM_PWM_Start_IT  stm32g4xx_hal_tim.o
    0x08001dfc   0x08001dfc   0x00000002   Code   RO         2093    i.HAL_TIM_PeriodElapsedCallback  stm32g4xx_hal_tim.o
    0x08001dfe   0x08001dfe   0x00000002   Code   RO         2098    i.HAL_TIM_TriggerCallback  stm32g4xx_hal_tim.o
    0x08001e00   0x08001e00   0x00000004   Code   RO          343    i.HardFault_Handler  stm32g4xx_it.o
    0x08001e04   0x08001e04   0x00000060   Code   RO          224    i.MX_FREERTOS_Init  app_freertos.o
    0x08001e64   0x08001e64   0x00000074   Code   RO          200    i.MX_GPIO_Init      gpio.o
    0x08001ed8   0x08001ed8   0x000000e4   Code   RO          290    i.MX_TIM2_Init      tim.o
    0x08001fbc   0x08001fbc   0x000000dc   Code   RO          291    i.MX_TIM3_Init      tim.o
    0x08002098   0x08002098   0x00000004   Code   RO          344    i.MemManage_Handler  stm32g4xx_it.o
    0x0800209c   0x0800209c   0x00000004   Code   RO          345    i.NMI_Handler       stm32g4xx_it.o
    0x080020a0   0x080020a0   0x000001f0   Code   RO         5075    i.PID_calc          pid.o
    0x08002290   0x08002290   0x00000060   Code   RO         5077    i.PID_init          pid.o
    0x080022f0   0x080022f0   0x00000068   Code   RO          702    i.RCC_GetSysClockFreqFromPLLSource  stm32g4xx_hal_rcc.o
    0x08002358   0x08002358   0x0000000a   Code   RO          225    i.StartDefaultTask  app_freertos.o
    0x08002362   0x08002362   0x00000014   Code   RO          346    i.SysTick_Handler   stm32g4xx_it.o
    0x08002376   0x08002376   0x0000006e   Code   RO           14    i.SystemClock_Config  main.o
    0x080023e4   0x080023e4   0x00000014   Code   RO         3162    i.SystemInit        system_stm32g4xx.o
    0x080023f8   0x080023f8   0x00000010   Code   RO          347    i.TIM2_IRQHandler   stm32g4xx_it.o
    0x08002408   0x08002408   0x00000118   Code   RO         4572    i.TIM3_IRQHandler   bsp_pwm.o
    0x08002520   0x08002520   0x000000cc   Code   RO         2100    i.TIM_Base_SetConfig  stm32g4xx_hal_tim.o
    0x080025ec   0x080025ec   0x00000022   Code   RO         2101    i.TIM_CCxChannelCmd  stm32g4xx_hal_tim.o
    0x0800260e   0x0800260e   0x00000016   Code   RO         2111    i.TIM_ETR_SetConfig  stm32g4xx_hal_tim.o
    0x08002624   0x08002624   0x00000018   Code   RO         2112    i.TIM_ITRx_SetConfig  stm32g4xx_hal_tim.o
    0x0800263c   0x0800263c   0x000000ac   Code   RO         2113    i.TIM_OC1_SetConfig  stm32g4xx_hal_tim.o
    0x080026e8   0x080026e8   0x000000b4   Code   RO         2114    i.TIM_OC2_SetConfig  stm32g4xx_hal_tim.o
    0x0800279c   0x0800279c   0x000000b4   Code   RO         2115    i.TIM_OC3_SetConfig  stm32g4xx_hal_tim.o
    0x08002850   0x08002850   0x000000b4   Code   RO         2116    i.TIM_OC4_SetConfig  stm32g4xx_hal_tim.o
    0x08002904   0x08002904   0x00000070   Code   RO         2117    i.TIM_OC5_SetConfig  stm32g4xx_hal_tim.o
    0x08002974   0x08002974   0x00000070   Code   RO         2118    i.TIM_OC6_SetConfig  stm32g4xx_hal_tim.o
    0x080029e4   0x080029e4   0x00000026   Code   RO         2120    i.TIM_TI1_ConfigInputStage  stm32g4xx_hal_tim.o
    0x08002a0a   0x08002a0a   0x00000028   Code   RO         2122    i.TIM_TI2_ConfigInputStage  stm32g4xx_hal_tim.o
    0x08002a32   0x08002a32   0x00000004   Code   RO          348    i.UsageFault_Handler  stm32g4xx_it.o
    0x08002a36   0x08002a36   0x00000002   PAD
    0x08002a38   0x08002a38   0x00000010   Code   RO         1873    i.__NVIC_GetPriorityGrouping  stm32g4xx_hal_cortex.o
    0x08002a48   0x08002a48   0x00000028   Code   RO         1874    i.__NVIC_SetPriority  stm32g4xx_hal_cortex.o
    0x08002a70   0x08002a70   0x0000009c   Code   RO         4540    i.adc_Task          adc_task.o
    0x08002b0c   0x08002b0c   0x000000d4   Code   RO         4486    i.control_value_init  main_control_task.o
    0x08002be0   0x08002be0   0x00000158   Code   RO         4487    i.control_value_loop  main_control_task.o
    0x08002d38   0x08002d38   0x00000108   Code   RO         4488    i.control_value_set  main_control_task.o
    0x08002e40   0x08002e40   0x00000054   Code   RO         4741    i.first_order_filter_cali  user_lib.o
    0x08002e94   0x08002e94   0x00000024   Code   RO         4742    i.first_order_filter_init  user_lib.o
    0x08002eb8   0x08002eb8   0x0000002c   Code   RO         4573    i.loop_int_constrain  bsp_pwm.o
    0x08002ee4   0x08002ee4   0x00000074   Code   RO           15    i.main              main.o
    0x08002f58   0x08002f58   0x00000028   Code   RO         4489    i.main_control_Task  main_control_task.o
    0x08002f80   0x08002f80   0x0000000e   Code   RO         3972    i.makeFreeRtosPriority  cmsis_os.o
    0x08002f8e   0x08002f8e   0x00000018   Code   RO         3974    i.osDelay           cmsis_os.o
    0x08002fa6   0x08002fa6   0x0000000a   Code   RO         3977    i.osKernelStart     cmsis_os.o
    0x08002fb0   0x08002fb0   0x00000030   Code   RO         4011    i.osThreadCreate    cmsis_os.o
    0x08002fe0   0x08002fe0   0x00000098   Code   RO         3649    i.prvAddCurrentTaskToDelayedList  tasks.o
    0x08003078   0x08003078   0x000000b4   Code   RO         3650    i.prvAddNewTaskToReadyList  tasks.o
    0x0800312c   0x0800312c   0x00000048   Code   RO         3651    i.prvCheckTasksWaitingTermination  tasks.o
    0x08003174   0x08003174   0x00000012   Code   RO         3652    i.prvDeleteTCB      tasks.o
    0x08003186   0x08003186   0x00000002   PAD
    0x08003188   0x08003188   0x0000007c   Code   RO         4339    i.prvHeapInit       heap_4.o
    0x08003204   0x08003204   0x00000028   Code   RO         3653    i.prvIdleTask       tasks.o
    0x0800322c   0x0800322c   0x000000b4   Code   RO         3654    i.prvInitialiseNewTask  tasks.o
    0x080032e0   0x080032e0   0x00000068   Code   RO         3655    i.prvInitialiseTaskLists  tasks.o
    0x08003348   0x08003348   0x00000068   Code   RO         4340    i.prvInsertBlockIntoFreeList  heap_4.o
    0x080033b0   0x080033b0   0x00000034   Code   RO         3656    i.prvResetNextTaskUnblockTime  tasks.o
    0x080033e4   0x080033e4   0x00000040   Code   RO         4407    i.prvTaskExitError  port.o
    0x08003424   0x08003424   0x0000014c   Code   RO         4341    i.pvPortMalloc      heap_4.o
    0x08003570   0x08003570   0x0000002c   Code   RO         4408    i.pxPortInitialiseStack  port.o
    0x0800359c   0x0800359c   0x0000005c   Code   RO         4694    i.spi1_init         bsp_spi.o
    0x080035f8   0x080035f8   0x00000070   Code   RO         4695    i.spi1_read_write_16bit  bsp_spi.o
    0x08003668   0x08003668   0x00000028   Code   RO         3293    i.uxListRemove      list.o
    0x08003690   0x08003690   0x0000001a   Code   RO         3294    i.vListInitialise   list.o
    0x080036aa   0x080036aa   0x00000006   Code   RO         3295    i.vListInitialiseItem  list.o
    0x080036b0   0x080036b0   0x00000034   Code   RO         3296    i.vListInsert       list.o
    0x080036e4   0x080036e4   0x00000018   Code   RO         3297    i.vListInsertEnd    list.o
    0x080036fc   0x080036fc   0x00000054   Code   RO         4410    i.vPortEnterCritical  port.o
    0x08003750   0x08003750   0x0000003c   Code   RO         4411    i.vPortExitCritical  port.o
    0x0800378c   0x0800378c   0x000000a4   Code   RO         4342    i.vPortFree         heap_4.o
    0x08003830   0x08003830   0x00000028   Code   RO         4412    i.vPortSetupTimerInterrupt  port.o
    0x08003858   0x08003858   0x0000005c   Code   RO         3665    i.vTaskDelay        tasks.o
    0x080038b4   0x080038b4   0x00000088   Code   RO         3678    i.vTaskStartScheduler  tasks.o
    0x0800393c   0x0800393c   0x00000010   Code   RO         3680    i.vTaskSuspendAll   tasks.o
    0x0800394c   0x0800394c   0x0000008c   Code   RO         3681    i.vTaskSwitchContext  tasks.o
    0x080039d8   0x080039d8   0x00000168   Code   RO         4414    i.xPortStartScheduler  port.o
    0x08003b40   0x08003b40   0x00000034   Code   RO         4415    i.xPortSysTickHandler  port.o
    0x08003b74   0x08003b74   0x00000060   Code   RO         3684    i.xTaskCreate       tasks.o
    0x08003bd4   0x08003bd4   0x00000020   Code   RO         3688    i.xTaskGetSchedulerState  tasks.o
    0x08003bf4   0x08003bf4   0x00000148   Code   RO         3691    i.xTaskIncrementTick  tasks.o
    0x08003d3c   0x08003d3c   0x00000104   Code   RO         3697    i.xTaskResumeAll    tasks.o
    0x08003e40   0x08003e40   0x0000000a   Code   RO         5495    x$fpl$fpinit        fz_wm.l(fpinit.o)
    0x08003e4a   0x08003e4a   0x00000002   PAD
    0x08003e4c   0x08003e4c   0x0000003c   Data   RO          226    .constdata          app_freertos.o
    0x08003e88   0x08003e88   0x00000018   Data   RO         3163    .constdata          system_stm32g4xx.o
    0x08003ea0   0x08003ea0   0x0000001c   Data   RO         4491    .constdata          main_control_task.o
    0x08003ebc   0x08003ebc   0x00000010   Data   RO         5186    .constdata          ad7606b.o
    0x08003ecc   0x08003ecc   0x00000024   Data   RO          227    .conststring        app_freertos.o
    0x08003ef0   0x08003ef0   0x00000020   Data   RO         5584    Region$$Table       anon$$obj.o


    Execution Region RW_IRAM1 (Exec base: 0x20000000, Load base: 0x08003f10, Size: 0x00002760, Max: 0x00008000, ABSOLUTE, COMPRESSED[0x00000700])

    Exec Addr    Load Addr    Size         Type   Attr      Idx    E Section Name        Object

    0x20000000   COMPRESSED   0x0000000c   Data   RW          228    .data               app_freertos.o
    0x2000000c   COMPRESSED   0x0000000c   Data   RW          473    .data               stm32g4xx_hal.o
    0x20000018   COMPRESSED   0x00000004   Data   RW         3164    .data               system_stm32g4xx.o
    0x2000001c   COMPRESSED   0x0000003c   Data   RW         3700    .data               tasks.o
    0x20000058   COMPRESSED   0x00000020   Data   RW         4348    .data               heap_4.o
    0x20000078   COMPRESSED   0x0000000c   Data   RW         4416    .data               port.o
    0x20000084   COMPRESSED   0x00000008   Data   RW         4492    .data               main_control_task.o
    0x2000008c   COMPRESSED   0x00001130   Data   RW         4574    .data               bsp_pwm.o
    0x200011bc   COMPRESSED   0x00000004   PAD
    0x200011c0   COMPRESSED   0x00000040   Data   RW         4626    .data               bsp_dwt.o
    0x20001200        -       0x00000098   Zero   RW          292    .bss                tim.o
    0x20001298        -       0x000000f0   Zero   RW         3699    .bss                tasks.o
    0x20001388        -       0x00000c00   Zero   RW         4347    .bss                heap_4.o
    0x20001f88        -       0x00000178   Zero   RW         4490    .bss                main_control_task.o
    0x20002100        -       0x00000060   Zero   RW         5452    .bss                c_w.l(libspace.o)
    0x20002160        -       0x00000200   Zero   RW            2    HEAP                startup_stm32g431xx.o
    0x20002360        -       0x00000400   Zero   RW            1    STACK               startup_stm32g431xx.o


==============================================================================

Image component sizes


      Code (inc. data)   RO Data    RW Data    ZI Data      Debug   Object Name

       460         34         16          0          0       3480   ad7606b.o
       156         22          0          0          0        707   adc_task.o
       106         18         96         12          0       4538   app_freertos.o
       104         30          0         64          0       2182   bsp_dwt.o
       324         20          0       4400          0       2117   bsp_pwm.o
       204         16          0          0          0       1628   bsp_spi.o
        96          0          0          0          0      12939   cmsis_os.o
         0          0          0          0          0       7752   event_groups.o
       116          6          0          0          0        931   gpio.o
       724         74          0         32       3072       7639   heap_4.o
       148          0          0          0          0       3758   list.o
       232         10          0          0          0     623600   main.o
       860         74         28          8        376       5372   main_control_task.o
       592          8          0          0          0       2506   pid.o
       894         78          0         12          0      11476   port.o
        64         26        472          0       1536        872   startup_stm32g431xx.o
       194         32          0         12          0       4525   stm32g4xx_hal.o
       310         22          0          0          0      34563   stm32g4xx_hal_cortex.o
       486         32          0          0          0       2847   stm32g4xx_hal_gpio.o
        76          4          0          0          0        914   stm32g4xx_hal_msp.o
       300         18          0          0          0       1469   stm32g4xx_hal_pwr_ex.o
      2176         80          0          0          0       5664   stm32g4xx_hal_rcc.o
      3166        234          0          0          0      19039   stm32g4xx_hal_tim.o
       198         26          0          0          0       5816   stm32g4xx_hal_tim_ex.o
        58          6          0          0          0       4045   stm32g4xx_it.o
        20          6         24          4          0       1219   system_stm32g4xx.o
      1898        276          0         60        240      19834   tasks.o
       836         36          0          0        152       3645   tim.o
       120          4          0          0          0       3144   user_lib.o

    ----------------------------------------------------------------------
     14932       1192        668       4608       5376     798221   Object Totals
         0          0         32          0          0          0   (incl. Generated)
        14          0          0          4          0          0   (incl. Padding)

    ----------------------------------------------------------------------

      Code (inc. data)   RO Data    RW Data    ZI Data      Debug   Library Member Name

       100          0          0          0          0          0   __dclz77c.o
         8          0          0          0          0         68   __main.o
         0          0          0          0          0          0   __rtentry.o
        12          0          0          0          0          0   __rtentry2.o
         6          0          0          0          0          0   __rtentry4.o
        52          8          0          0          0          0   __scatter.o
        28          0          0          0          0          0   __scatter_zi.o
        18          0          0          0          0         80   exit.o
         6          0          0          0          0        152   heapauxi.o
         0          0          0          0          0          0   indicate_semi.o
         2          0          0          0          0          0   libinit.o
         6          0          0          0          0          0   libinit2.o
         2          0          0          0          0          0   libshutdown.o
         2          0          0          0          0          0   libshutdown2.o
         8          4          0          0         96         68   libspace.o
        78          0          0          0          0         80   rt_memclr_w.o
       100          0          0          0          0         80   rt_memcpy_w.o
         2          0          0          0          0          0   rtexit.o
        10          0          0          0          0          0   rtexit2.o
        12          4          0          0          0         68   sys_exit.o
        74          0          0          0          0         80   sys_stackheap_outer.o
         2          0          0          0          0         68   use_no_semi.o
        10          0          0          0          0        116   fpinit.o

    ----------------------------------------------------------------------
       544         16          0          0         96        860   Library Totals
         6          0          0          0          0          0   (incl. Padding)

    ----------------------------------------------------------------------

      Code (inc. data)   RO Data    RW Data    ZI Data      Debug   Library Name

       528         16          0          0         96        744   c_w.l
        10          0          0          0          0        116   fz_wm.l

    ----------------------------------------------------------------------
       544         16          0          0         96        860   Library Totals

    ----------------------------------------------------------------------

==============================================================================


      Code (inc. data)   RO Data    RW Data    ZI Data      Debug   

     15476       1208        668       4608       5472     786921   Grand Totals
     15476       1208        668       1792       5472     786921   ELF Image Totals (compressed)
     15476       1208        668       1792          0          0   ROM Totals

==============================================================================

    Total RO  Size (Code + RO Data)                16144 (  15.77kB)
    Total RW  Size (RW Data + ZI Data)             10080 (   9.84kB)
    Total ROM Size (Code + RO Data + RW Data)      17936 (  17.52kB)

==============================================================================

