<html>
<body>
<pre>
<h1>µVision Build Log</h1>
<h2>Tool Versions:</h2>
IDE-Version: ¦ÌVision V5.31.0.0
Copyright (C) 2020 ARM Ltd and ARM Germany GmbH. All rights reserved.
License Information:  ,  , LIC=MPPLD-8STCB-FWU2N-Y7ZNI-7FG8G-2FI77
 
Tool Versions:
Toolchain:       MDK-ARM Plus  Version: 5.31.0.0
Toolchain Path:  G:\keil\KeilMDK\Keil_v5\ARM\ARMCC\Bin
C Compiler:      Armcc.exe V5.06 update 6 (build 750)
Assembler:       Armasm.exe V5.06 update 6 (build 750)
Linker/Locator:  ArmLink.exe V5.06 update 6 (build 750)
Library Manager: ArmAr.exe V5.06 update 6 (build 750)
Hex Converter:   FromElf.exe V5.06 update 6 (build 750)
CPU DLL:         SARMCM3.DLL V5.31.0.0
Dialog DLL:      DCM.DLL V1.17.3.0
Target DLL:      CMSIS_AGDI.dll V1.32.6.0
Dialog DLL:      TCM.DLL V1.46.0.0
 
<h2>Project:</h2>
C:\Users\qiyehwzi\Desktop\DCDC_DCAC\µ¥Æ¬»ú\g431_test_4_30\MDK-ARM\g431_test.uvprojx
Project File Date:  04/30/2025

<h2>Output:</h2>
*** Using Compiler 'V5.06 update 6 (build 750)', folder: 'G:\keil\KeilMDK\Keil_v5\ARM\ARMCC\Bin'
Rebuild target 'g431_test'
assembling startup_stm32g431xx.s...
compiling gpio.c...
compiling stm32g4xx_hal_msp.c...
compiling stm32g4xx_hal_flash.c...
compiling stm32g4xx_hal_flash_ramfunc.c...
compiling stm32g4xx_hal_flash_ex.c...
compiling tim.c...
compiling stm32g4xx_hal.c...
compiling stm32g4xx_it.c...
compiling app_freertos.c...
compiling stm32g4xx_hal_rcc_ex.c...
compiling main.c...
compiling stm32g4xx_hal_rcc.c...
compiling croutine.c...
compiling event_groups.c...
compiling list.c...
compiling queue.c...
compiling stream_buffer.c...
compiling timers.c...
compiling tasks.c...
compiling heap_4.c...
compiling cmsis_os.c...
compiling port.c...
compiling stm32g4xx_hal_cortex.c...
compiling system_stm32g4xx.c...
compiling stm32g4xx_hal_pwr.c...
compiling stm32g4xx_hal_dma_ex.c...
compiling stm32g4xx_hal_gpio.c...
compiling bsp_adc.c...
compiling stm32g4xx_hal_exti.c...
compiling Butterworth_Filter.c...
compiling stm32g4xx_hal_dma.c...
compiling stm32g4xx_hal_pwr_ex.c...
compiling TD.c...
compiling stm32g4xx_hal_tim_ex.c...
compiling main_control_task.c...
compiling adc_task.c...
compiling stm32g4xx_hal_tim.c...
compiling pid.c...
compiling bsp_spi.c...
compiling user_lib.c...
compiling bsp_dwt.c...
compiling ad7606b.c...
compiling bsp_pwm.c...
compiling controller.c...
linking...
Program Size: Code=15416 RO-data=668 RW-data=4608 ZI-data=5472  
FromELF: creating hex file...
"g431_test\g431_test.axf" - 0 Error(s), 0 Warning(s).

<h2>Software Packages used:</h2>

Package Vendor: ARM
                http://www.keil.com/pack/ARM.CMSIS.5.7.0.pack
                ARM.CMSIS.5.7.0
                CMSIS (Cortex Microcontroller Software Interface Standard)
   * Component: CORE Version: 5.4.0

Package Vendor: Keil
                http://www.keil.com/pack/Keil.STM32G4xx_DFP.1.1.0.pack
                Keil.STM32G4xx_DFP.1.1.0
                STMicroelectronics STM32G4 Series Device Support, Drivers and Examples

<h2>Collection of Component include folders:</h2>
  .\RTE\_g431_test
  G:\keil\KeilMDK\packs\ARM\CMSIS\5.7.0\CMSIS\Core\Include
  G:\keil\KeilMDK\packs\Keil\STM32G4xx_DFP\1.1.0\Drivers\CMSIS\Device\ST\STM32G4xx\Include

<h2>Collection of Component Files used:</h2>

   * Component: ARM::CMSIS:CORE:5.4.0
      Include file:  CMSIS\Core\Include\tz_context.h
Build Time Elapsed:  00:00:11
</pre>
</body>
</html>
